Archive member included to satisfy reference by file (symbol)

c:/st/stm32cubeide_1.11.2/stm32cubeide/plugins/com.st.stm32cube.ide.mcu.externaltools.gnu-tools-for-stm32.10.3-2021.10.win32_1.0.200.202301161003/tools/bin/../lib/gcc/arm-none-eabi/10.3.1/../../../../arm-none-eabi/lib/thumb/v7e-m+fp/hard\libc_nano.a(lib_a-errno.o)
                              ./Core/Src/syscalls.o (__errno)
c:/st/stm32cubeide_1.11.2/stm32cubeide/plugins/com.st.stm32cube.ide.mcu.externaltools.gnu-tools-for-stm32.10.3-2021.10.win32_1.0.200.202301161003/tools/bin/../lib/gcc/arm-none-eabi/10.3.1/../../../../arm-none-eabi/lib/thumb/v7e-m+fp/hard\libc_nano.a(lib_a-exit.o)
                              c:/st/stm32cubeide_1.11.2/stm32cubeide/plugins/com.st.stm32cube.ide.mcu.externaltools.gnu-tools-for-stm32.10.3-2021.10.win32_1.0.200.202301161003/tools/bin/../lib/gcc/arm-none-eabi/10.3.1/../../../../arm-none-eabi/lib/thumb/v7e-m+fp/hard/crt0.o (exit)
c:/st/stm32cubeide_1.11.2/stm32cubeide/plugins/com.st.stm32cube.ide.mcu.externaltools.gnu-tools-for-stm32.10.3-2021.10.win32_1.0.200.202301161003/tools/bin/../lib/gcc/arm-none-eabi/10.3.1/../../../../arm-none-eabi/lib/thumb/v7e-m+fp/hard\libc_nano.a(lib_a-impure.o)
                              c:/st/stm32cubeide_1.11.2/stm32cubeide/plugins/com.st.stm32cube.ide.mcu.externaltools.gnu-tools-for-stm32.10.3-2021.10.win32_1.0.200.202301161003/tools/bin/../lib/gcc/arm-none-eabi/10.3.1/../../../../arm-none-eabi/lib/thumb/v7e-m+fp/hard\libc_nano.a(lib_a-exit.o) (_global_impure_ptr)
c:/st/stm32cubeide_1.11.2/stm32cubeide/plugins/com.st.stm32cube.ide.mcu.externaltools.gnu-tools-for-stm32.10.3-2021.10.win32_1.0.200.202301161003/tools/bin/../lib/gcc/arm-none-eabi/10.3.1/../../../../arm-none-eabi/lib/thumb/v7e-m+fp/hard\libc_nano.a(lib_a-init.o)
                              c:/st/stm32cubeide_1.11.2/stm32cubeide/plugins/com.st.stm32cube.ide.mcu.externaltools.gnu-tools-for-stm32.10.3-2021.10.win32_1.0.200.202301161003/tools/bin/../lib/gcc/arm-none-eabi/10.3.1/../../../../arm-none-eabi/lib/thumb/v7e-m+fp/hard/crt0.o (__libc_init_array)
c:/st/stm32cubeide_1.11.2/stm32cubeide/plugins/com.st.stm32cube.ide.mcu.externaltools.gnu-tools-for-stm32.10.3-2021.10.win32_1.0.200.202301161003/tools/bin/../lib/gcc/arm-none-eabi/10.3.1/../../../../arm-none-eabi/lib/thumb/v7e-m+fp/hard\libc_nano.a(lib_a-memset.o)
                              c:/st/stm32cubeide_1.11.2/stm32cubeide/plugins/com.st.stm32cube.ide.mcu.externaltools.gnu-tools-for-stm32.10.3-2021.10.win32_1.0.200.202301161003/tools/bin/../lib/gcc/arm-none-eabi/10.3.1/../../../../arm-none-eabi/lib/thumb/v7e-m+fp/hard/crt0.o (memset)

Discarded input sections

 .text          0x0000000000000000        0x0 c:/st/stm32cubeide_1.11.2/stm32cubeide/plugins/com.st.stm32cube.ide.mcu.externaltools.gnu-tools-for-stm32.10.3-2021.10.win32_1.0.200.202301161003/tools/bin/../lib/gcc/arm-none-eabi/10.3.1/thumb/v7e-m+fp/hard/crti.o
 .data          0x0000000000000000        0x0 c:/st/stm32cubeide_1.11.2/stm32cubeide/plugins/com.st.stm32cube.ide.mcu.externaltools.gnu-tools-for-stm32.10.3-2021.10.win32_1.0.200.202301161003/tools/bin/../lib/gcc/arm-none-eabi/10.3.1/thumb/v7e-m+fp/hard/crti.o
 .bss           0x0000000000000000        0x0 c:/st/stm32cubeide_1.11.2/stm32cubeide/plugins/com.st.stm32cube.ide.mcu.externaltools.gnu-tools-for-stm32.10.3-2021.10.win32_1.0.200.202301161003/tools/bin/../lib/gcc/arm-none-eabi/10.3.1/thumb/v7e-m+fp/hard/crti.o
 .data          0x0000000000000000        0x4 c:/st/stm32cubeide_1.11.2/stm32cubeide/plugins/com.st.stm32cube.ide.mcu.externaltools.gnu-tools-for-stm32.10.3-2021.10.win32_1.0.200.202301161003/tools/bin/../lib/gcc/arm-none-eabi/10.3.1/thumb/v7e-m+fp/hard/crtbegin.o
 .rodata        0x0000000000000000       0x24 c:/st/stm32cubeide_1.11.2/stm32cubeide/plugins/com.st.stm32cube.ide.mcu.externaltools.gnu-tools-for-stm32.10.3-2021.10.win32_1.0.200.202301161003/tools/bin/../lib/gcc/arm-none-eabi/10.3.1/thumb/v7e-m+fp/hard/crtbegin.o
 .text          0x0000000000000000       0x7c c:/st/stm32cubeide_1.11.2/stm32cubeide/plugins/com.st.stm32cube.ide.mcu.externaltools.gnu-tools-for-stm32.10.3-2021.10.win32_1.0.200.202301161003/tools/bin/../lib/gcc/arm-none-eabi/10.3.1/../../../../arm-none-eabi/lib/thumb/v7e-m+fp/hard/crt0.o
 .data          0x0000000000000000        0x0 c:/st/stm32cubeide_1.11.2/stm32cubeide/plugins/com.st.stm32cube.ide.mcu.externaltools.gnu-tools-for-stm32.10.3-2021.10.win32_1.0.200.202301161003/tools/bin/../lib/gcc/arm-none-eabi/10.3.1/../../../../arm-none-eabi/lib/thumb/v7e-m+fp/hard/crt0.o
 .bss           0x0000000000000000        0x0 c:/st/stm32cubeide_1.11.2/stm32cubeide/plugins/com.st.stm32cube.ide.mcu.externaltools.gnu-tools-for-stm32.10.3-2021.10.win32_1.0.200.202301161003/tools/bin/../lib/gcc/arm-none-eabi/10.3.1/../../../../arm-none-eabi/lib/thumb/v7e-m+fp/hard/crt0.o
[...]
Memory Configuration

Name             Origin             Length             Attributes
RAM              0x0000000020000000 0x0000000000028000 xrw
RAM2             0x0000000010000000 0x0000000000008000 xrw
FLASH            0x0000000008000000 0x0000000000080000 xr
*default*        0x0000000000000000 0xffffffffffffffff

Linker script and memory map

LOAD c:/st/stm32cubeide_1.11.2/stm32cubeide/plugins/com.st.stm32cube.ide.mcu.externaltools.gnu-tools-for-stm32.10.3-2021.10.win32_1.0.200.202301161003/tools/bin/../lib/gcc/arm-none-eabi/10.3.1/thumb/v7e-m+fp/hard/crti.o
LOAD c:/st/stm32cubeide_1.11.2/stm32cubeide/plugins/com.st.stm32cube.ide.mcu.externaltools.gnu-tools-for-stm32.10.3-2021.10.win32_1.0.200.202301161003/tools/bin/../lib/gcc/arm-none-eabi/10.3.1/thumb/v7e-m+fp/hard/crtbegin.o
LOAD c:/st/stm32cubeide_1.11.2/stm32cubeide/plugins/com.st.stm32cube.ide.mcu.externaltools.gnu-tools-for-stm32.10.3-2021.10.win32_1.0.200.202301161003/tools/bin/../lib/gcc/arm-none-eabi/10.3.1/../../../../arm-none-eabi/lib/thumb/v7e-m+fp/hard/crt0.o
LOAD ./Core/Src/adc.o
LOAD ./Core/Src/breakup.o
LOAD ./Core/Src/configuration.o
LOAD ./Core/Src/counter.o
LOAD ./Core/Src/det_cable.o
LOAD ./Core/Src/dma.o
LOAD ./Core/Src/extinguisher.o
LOAD ./Core/Src/fatfs_sd.o
LOAD ./Core/Src/fault.o
LOAD ./Core/Src/gpio.o
LOAD ./Core/Src/led_operation.o
LOAD ./Core/Src/main.o
LOAD ./Core/Src/rtc.o
LOAD ./Core/Src/sdcard.o
LOAD ./Core/Src/service.o
LOAD ./Core/Src/spi.o
LOAD ./Core/Src/stm32l4xx_hal_msp.o
LOAD ./Core/Src/stm32l4xx_it.o
LOAD ./Core/Src/syscalls.o
LOAD ./Core/Src/sysmem.o
LOAD ./Core/Src/system_stm32l4xx.o
LOAD ./Core/Startup/startup_stm32l452retx.o
LOAD ./Drivers/STM32L4xx_HAL_Driver/Src/stm32l4xx_hal.o
LOAD ./Drivers/STM32L4xx_HAL_Driver/Src/stm32l4xx_hal_adc.o
LOAD ./Drivers/STM32L4xx_HAL_Driver/Src/stm32l4xx_hal_adc_ex.o
LOAD ./Drivers/STM32L4xx_HAL_Driver/Src/stm32l4xx_hal_cortex.o
LOAD ./Drivers/STM32L4xx_HAL_Driver/Src/stm32l4xx_hal_dma.o
LOAD ./Drivers/STM32L4xx_HAL_Driver/Src/stm32l4xx_hal_dma_ex.o
LOAD ./Drivers/STM32L4xx_HAL_Driver/Src/stm32l4xx_hal_exti.o
LOAD ./Drivers/STM32L4xx_HAL_Driver/Src/stm32l4xx_hal_flash.o
LOAD ./Drivers/STM32L4xx_HAL_Driver/Src/stm32l4xx_hal_flash_ex.o
LOAD ./Drivers/STM32L4xx_HAL_Driver/Src/stm32l4xx_hal_flash_ramfunc.o
LOAD ./Drivers/STM32L4xx_HAL_Driver/Src/stm32l4xx_hal_gpio.o
LOAD ./Drivers/STM32L4xx_HAL_Driver/Src/stm32l4xx_hal_pwr.o
LOAD ./Drivers/STM32L4xx_HAL_Driver/Src/stm32l4xx_hal_pwr_ex.o
LOAD ./Drivers/STM32L4xx_HAL_Driver/Src/stm32l4xx_hal_rcc.o
LOAD ./Drivers/STM32L4xx_HAL_Driver/Src/stm32l4xx_hal_rcc_ex.o
LOAD ./Drivers/STM32L4xx_HAL_Driver/Src/stm32l4xx_hal_rtc.o
LOAD ./Drivers/STM32L4xx_HAL_Driver/Src/stm32l4xx_hal_rtc_ex.o
LOAD ./Drivers/STM32L4xx_HAL_Driver/Src/stm32l4xx_hal_spi.o
LOAD ./Drivers/STM32L4xx_HAL_Driver/Src/stm32l4xx_hal_spi_ex.o
LOAD ./Drivers/STM32L4xx_HAL_Driver/Src/stm32l4xx_hal_tim.o
LOAD ./Drivers/STM32L4xx_HAL_Driver/Src/stm32l4xx_hal_tim_ex.o
LOAD ./FATFS/App/fatfs.o
LOAD ./FATFS/Target/user_diskio.o
LOAD ./Middlewares/Third_Party/FatFs/src/diskio.o
LOAD ./Middlewares/Third_Party/FatFs/src/ff.o
LOAD ./Middlewares/Third_Party/FatFs/src/ff_gen_drv.o
LOAD ./Middlewares/Third_Party/FatFs/src/option/ccsbcs.o
LOAD ./Middlewares/Third_Party/FatFs/src/option/syscall.o
START GROUP
LOAD c:/st/stm32cubeide_1.11.2/stm32cubeide/plugins/com.st.stm32cube.ide.mcu.externaltools.gnu-tools-for-stm32.10.3-2021.10.win32_1.0.200.202301161003/tools/bin/../lib/gcc/arm-none-eabi/10.3.1/../../../../arm-none-eabi/lib/thumb/v7e-m+fp/hard\libc_nano.a
LOAD c:/st/stm32cubeide_1.11.2/stm32cubeide/plugins/com.st.stm32cube.ide.mcu.externaltools.gnu-tools-for-stm32.10.3-2021.10.win32_1.0.200.202301161003/tools/bin/../lib/gcc/arm-none-eabi/10.3.1/../../../../arm-none-eabi/lib/thumb/v7e-m+fp/hard\libm.a
END GROUP
START GROUP
LOAD c:/st/stm32cubeide_1.11.2/stm32cubeide/plugins/com.st.stm32cube.ide.mcu.externaltools.gnu-tools-for-stm32.10.3-2021.10.win32_1.0.200.202301161003/tools/bin/../lib/gcc/arm-none-eabi/10.3.1/thumb/v7e-m+fp/hard\libgcc.a
LOAD c:/st/stm32cubeide_1.11.2/stm32cubeide/plugins/com.st.stm32cube.ide.mcu.externaltools.gnu-tools-for-stm32.10.3-2021.10.win32_1.0.200.202301161003/tools/bin/../lib/gcc/arm-none-eabi/10.3.1/../../../../arm-none-eabi/lib/thumb/v7e-m+fp/hard\libc_nano.a
END GROUP
START GROUP
LOAD c:/st/stm32cubeide_1.11.2/stm32cubeide/plugins/com.st.stm32cube.ide.mcu.externaltools.gnu-tools-for-stm32.10.3-2021.10.win32_1.0.200.202301161003/tools/bin/../lib/gcc/arm-none-eabi/10.3.1/thumb/v7e-m+fp/hard\libgcc.a
LOAD c:/st/stm32cubeide_1.11.2/stm32cubeide/plugins/com.st.stm32cube.ide.mcu.externaltools.gnu-tools-for-stm32.10.3-2021.10.win32_1.0.200.202301161003/tools/bin/../lib/gcc/arm-none-eabi/10.3.1/../../../../arm-none-eabi/lib/thumb/v7e-m+fp/hard\libc_nano.a
LOAD c:/st/stm32cubeide_1.11.2/stm32cubeide/plugins/com.st.stm32cube.ide.mcu.externaltools.gnu-tools-for-stm32.10.3-2021.10.win32_1.0.200.202301161003/tools/bin/../lib/gcc/arm-none-eabi/10.3.1/../../../../arm-none-eabi/lib/thumb/v7e-m+fp/hard\libnosys.a
END GROUP
START GROUP
LOAD c:/st/stm32cubeide_1.11.2/stm32cubeide/plugins/com.st.stm32cube.ide.mcu.externaltools.gnu-tools-for-stm32.10.3-2021.10.win32_1.0.200.202301161003/tools/bin/../lib/gcc/arm-none-eabi/10.3.1/thumb/v7e-m+fp/hard\libgcc.a
LOAD c:/st/stm32cubeide_1.11.2/stm32cubeide/plugins/com.st.stm32cube.ide.mcu.externaltools.gnu-tools-for-stm32.10.3-2021.10.win32_1.0.200.202301161003/tools/bin/../lib/gcc/arm-none-eabi/10.3.1/../../../../arm-none-eabi/lib/thumb/v7e-m+fp/hard\libc_nano.a
LOAD c:/st/stm32cubeide_1.11.2/stm32cubeide/plugins/com.st.stm32cube.ide.mcu.externaltools.gnu-tools-for-stm32.10.3-2021.10.win32_1.0.200.202301161003/tools/bin/../lib/gcc/arm-none-eabi/10.3.1/../../../../arm-none-eabi/lib/thumb/v7e-m+fp/hard\libnosys.a
END GROUP
LOAD c:/st/stm32cubeide_1.11.2/stm32cubeide/plugins/com.st.stm32cube.ide.mcu.externaltools.gnu-tools-for-stm32.10.3-2021.10.win32_1.0.200.202301161003/tools/bin/../lib/gcc/arm-none-eabi/10.3.1/thumb/v7e-m+fp/hard/crtend.o
LOAD c:/st/stm32cubeide_1.11.2/stm32cubeide/plugins/com.st.stm32cube.ide.mcu.externaltools.gnu-tools-for-stm32.10.3-2021.10.win32_1.0.200.202301161003/tools/bin/../lib/gcc/arm-none-eabi/10.3.1/thumb/v7e-m+fp/hard/crtn.o
                0x0000000020028000                _estack = (ORIGIN (RAM) + LENGTH (RAM))
                0x0000000000000200                _Min_Heap_Size = 0x200
                0x0000000000000400                _Min_Stack_Size = 0x400

.isr_vector     0x0000000008000000      0x194
                0x0000000008000000                . = ALIGN (0x4)
 *(.isr_vector)
 .isr_vector    0x0000000008000000      0x194 ./Core/Startup/startup_stm32l452retx.o
                0x0000000008000000                g_pfnVectors
                0x0000000008000194                . = ALIGN (0x4)

.text           0x0000000008000194     0xba44
                0x0000000008000194                . = ALIGN (0x4)
 *(.text)
 .text          0x0000000008000194       0x40 c:/st/stm32cubeide_1.11.2/stm32cubeide/plugins/com.st.stm32cube.ide.mcu.externaltools.gnu-tools-for-stm32.10.3-2021.10.win32_1.0.200.202301161003/tools/bin/../lib/gcc/arm-none-eabi/10.3.1/thumb/v7e-m+fp/hard/crtbegin.o
 *(.text*)
 .text.MX_ADC1_Init
                0x00000000080001d4      0x170 ./Core/Src/adc.o
                0x00000000080001d4                MX_ADC1_Init
 .text.HAL_ADC_MspInit
                0x0000000008000344      0x164 ./Core/Src/adc.o
                0x0000000008000344                HAL_ADC_MspInit
 .text.InitAdc  0x00000000080004a8       0x24 ./Core/Src/adc.o
                0x00000000080004a8                InitAdc
 .text.BreakupProcess
                0x00000000080004cc       0xcc ./Core/Src/breakup.o
                0x00000000080004cc                BreakupProcess
 .text.CheckSystem
                0x0000000008000598       0xa8 ./Core/Src/breakup.o
 .text.CheckFault
                0x0000000008000640       0x20 ./Core/Src/breakup.o
                0x0000000008000640                CheckFault
 .text.SaveConfiguration
                0x0000000008000660       0xa4 ./Core/Src/configuration.o
 .text.LoadConfiguration
                0x0000000008000704       0x88 ./Core/Src/configuration.o
                0x0000000008000704                LoadConfiguration
 .text.WriteToBackupReg
                0x000000000800078c       0x48 ./Core/Src/configuration.o
                0x000000000800078c                WriteToBackupReg
 .text.ReadBackupReg
                0x00000000080007d4       0x48 ./Core/Src/configuration.o
                0x00000000080007d4                ReadBackupReg
 .text.ConfigurationMode
                0x000000000800081c      0x1b8 ./Core/Src/configuration.o
                0x000000000800081c                ConfigurationMode
 .text.ChoiceValueToConfig
                0x00000000080009d4      0x554 ./Core/Src/configuration.o
 .text.BlinkChoiceLed
                0x0000000008000f28       0x54 ./Core/Src/configuration.o
 .text.BlinkSwitcheLed
                0x0000000008000f7c       0x58 ./Core/Src/configuration.o
 .text.TryToModeConfig
                0x0000000008000fd4       0x30 ./Core/Src/configuration.o
 .text.SwButtonCount
                0x0000000008001004       0x38 ./Core/Src/configuration.o
                0x0000000008001004                SwButtonCount
 .text.SwButPressed
                0x000000000800103c       0x18 ./Core/Src/configuration.o
                0x000000000800103c                SwButPressed
 .text.ChButtonCount
                0x0000000008001054       0xd0 ./Core/Src/configuration.o
                0x0000000008001054                ChButtonCount
 .text.ChButPressed
                0x0000000008001124       0x18 ./Core/Src/configuration.o
                0x0000000008001124                ChButPressed
 .text.ForceDefaultConfig
                0x000000000800113c       0x38 ./Core/Src/configuration.o
 .text.UpdateCounter
                0x0000000008001174       0xa4 ./Core/Src/counter.o
                0x0000000008001174                UpdateCounter
 .text.startCounter
                0x0000000008001218       0x36 ./Core/Src/counter.o
                0x0000000008001218                startCounter
 .text.stopCounter
                0x000000000800124e       0x20 ./Core/Src/counter.o
                0x000000000800124e                stopCounter
 .text.restartCounter
                0x000000000800126e       0x20 ./Core/Src/counter.o
                0x000000000800126e                restartCounter
 *fill*         0x000000000800128e        0x2 
 .text.startSecondsCounter
                0x0000000008001290       0x28 ./Core/Src/counter.o
                0x0000000008001290                startSecondsCounter
 .text.startMillisCounter
                0x00000000080012b8       0x28 ./Core/Src/counter.o
                0x00000000080012b8                startMillisCounter
 .text.stopSecondsCounter
                0x00000000080012e0       0x24 ./Core/Src/counter.o
                0x00000000080012e0                stopSecondsCounter
 .text.stopMillisCounter
                0x0000000008001304       0x24 ./Core/Src/counter.o
                0x0000000008001304                stopMillisCounter
 .text.restartSecondsCounter
                0x0000000008001328       0x24 ./Core/Src/counter.o
                0x0000000008001328                restartSecondsCounter
 .text.restartMillisCounter
                0x000000000800134c       0x24 ./Core/Src/counter.o
                0x000000000800134c                restartMillisCounter
 .text.EnabledDetCab
                0x0000000008001370       0x60 ./Core/Src/det_cable.o
                0x0000000008001370                EnabledDetCab
 .text.DetCableProcess
                0x00000000080013d0       0xa0 ./Core/Src/det_cable.o
                0x00000000080013d0                DetCableProcess
 .text.DetCableService
                0x0000000008001470       0xf8 ./Core/Src/det_cable.o
                0x0000000008001470                DetCableService
 .text.MX_DMA_Init
                0x0000000008001568       0x3c ./Core/Src/dma.o
                0x0000000008001568                MX_DMA_Init
 .text.GetParameter
                0x00000000080015a4       0x3c ./Core/Src/extinguisher.o
                0x00000000080015a4                GetParameter
 .text.ExtinguisherProcess
                0x00000000080015e0      0x38c ./Core/Src/extinguisher.o
                0x00000000080015e0                ExtinguisherProcess
 .text.ExtinguisherTriggered
                0x000000000800196c      0x160 ./Core/Src/extinguisher.o
                0x000000000800196c                ExtinguisherTriggered
 .text.WchichExtinguisher
                0x0000000008001acc       0x8c ./Core/Src/extinguisher.o
                0x0000000008001acc                WchichExtinguisher
 .text.TimerToTrigExt
                0x0000000008001b58      0x17c ./Core/Src/extinguisher.o
 .text.Delay    0x0000000008001cd4       0x68 ./Core/Src/extinguisher.o
 .text.SELECT   0x0000000008001d3c       0x1a ./Core/Src/fatfs_sd.o
 .text.DESELECT
                0x0000000008001d56       0x1a ./Core/Src/fatfs_sd.o
 .text.SPI_TxByte
                0x0000000008001d70       0x34 ./Core/Src/fatfs_sd.o
 .text.SPI_TxBuffer
                0x0000000008001da4       0x34 ./Core/Src/fatfs_sd.o
 .text.SPI_RxByte
                0x0000000008001dd8       0x38 ./Core/Src/fatfs_sd.o
 .text.SPI_RxBytePtr
                0x0000000008001e10       0x1c ./Core/Src/fatfs_sd.o
 .text.SD_ReadyWait
                0x0000000008001e2c       0x34 ./Core/Src/fatfs_sd.o
 .text.SD_PowerOn
                0x0000000008001e60       0x84 ./Core/Src/fatfs_sd.o
 .text.SD_PowerOff
                0x0000000008001ee4       0x18 ./Core/Src/fatfs_sd.o
 .text.SD_CheckPower
                0x0000000008001efc       0x18 ./Core/Src/fatfs_sd.o
 .text.SD_RxDataBlock
                0x0000000008001f14       0x5c ./Core/Src/fatfs_sd.o
 .text.SD_TxDataBlock
                0x0000000008001f70       0x86 ./Core/Src/fatfs_sd.o
 .text.SD_SendCmd
                0x0000000008001ff6       0xa8 ./Core/Src/fatfs_sd.o
 *fill*         0x000000000800209e        0x2 
 .text.SD_disk_initialize
                0x00000000080020a0      0x1cc ./Core/Src/fatfs_sd.o
                0x00000000080020a0                SD_disk_initialize
 .text.SD_disk_status
                0x000000000800226c       0x2c ./Core/Src/fatfs_sd.o
                0x000000000800226c                SD_disk_status
 .text.SD_disk_read
                0x0000000008002298       0xd4 ./Core/Src/fatfs_sd.o
                0x0000000008002298                SD_disk_read
 .text.SD_disk_write
                0x000000000800236c      0x108 ./Core/Src/fatfs_sd.o
                0x000000000800236c                SD_disk_write
 .text.SD_disk_ioctl
                0x0000000008002474      0x258 ./Core/Src/fatfs_sd.o
                0x0000000008002474                SD_disk_ioctl
 .text.CheckWires
                0x00000000080026cc       0xdc ./Core/Src/fault.o
                0x00000000080026cc                CheckWires
 .text.CheckExtConnected
                0x00000000080027a8      0x1b4 ./Core/Src/fault.o
 .text.CheckDetCableConnected
                0x000000000800295c      0x198 ./Core/Src/fault.o
 .text.CheckDelayButConnected
                0x0000000008002af4       0x5c ./Core/Src/fault.o
                0x0000000008002af4                CheckDelayButConnected
 .text.CheckBattery
                0x0000000008002b50       0x90 ./Core/Src/fault.o
 .text.MX_GPIO_Init
                0x0000000008002be0      0x1e8 ./Core/Src/gpio.o
                0x0000000008002be0                MX_GPIO_Init
 .text.ConfigurationModeIsOn
                0x0000000008002dc8       0x4c ./Core/Src/led_operation.o
                0x0000000008002dc8                ConfigurationModeIsOn
 .text.InitProcess
                0x0000000008002e14       0xe8 ./Core/Src/main.o
                0x0000000008002e14                InitProcess
 .text.main     0x0000000008002efc       0x5c ./Core/Src/main.o
                0x0000000008002efc                main
 .text.SystemClock_Config
                0x0000000008002f58       0xb4 ./Core/Src/main.o
                0x0000000008002f58                SystemClock_Config
 .text.HAL_GPIO_EXTI_Callback
                0x000000000800300c       0x46 ./Core/Src/main.o
                0x000000000800300c                HAL_GPIO_EXTI_Callback
 .text.Error_Handler
                0x0000000008003052        0xa ./Core/Src/main.o
                0x0000000008003052                Error_Handler
 .text.MX_RTC_Init
                0x000000000800305c       0x50 ./Core/Src/rtc.o
                0x000000000800305c                MX_RTC_Init
 .text.HAL_RTC_MspInit
                0x00000000080030ac       0x60 ./Core/Src/rtc.o
                0x00000000080030ac                HAL_RTC_MspInit
 .text.RtcInit  0x000000000800310c       0x64 ./Core/Src/rtc.o
                0x000000000800310c                RtcInit
 .text.InitSd   0x0000000008003170       0xf0 ./Core/Src/sdcard.o
                0x0000000008003170                InitSd
 .text.ToSdCard
                0x0000000008003260      0x82c ./Core/Src/sdcard.o
                0x0000000008003260                ToSdCard
 .text.OpenFile
                0x0000000008003a8c       0x60 ./Core/Src/sdcard.o
 .text.CloseFile
                0x0000000008003aec       0x34 ./Core/Src/sdcard.o
 .text.ServiceProcess
                0x0000000008003b20       0xd4 ./Core/Src/service.o
                0x0000000008003b20                ServiceProcess
 .text.ServiceModeOn
                0x0000000008003bf4       0xd8 ./Core/Src/service.o
                0x0000000008003bf4                ServiceModeOn
 .text.MX_SPI1_Init
                0x0000000008003ccc       0x7c ./Core/Src/spi.o
                0x0000000008003ccc                MX_SPI1_Init
 .text.HAL_SPI_MspInit
                0x0000000008003d48       0x84 ./Core/Src/spi.o
                0x0000000008003d48                HAL_SPI_MspInit
 .text.HAL_MspInit
                0x0000000008003dcc       0x54 ./Core/Src/stm32l4xx_hal_msp.o
                0x0000000008003dcc                HAL_MspInit
 .text.NMI_Handler
                0x0000000008003e20        0x6 ./Core/Src/stm32l4xx_it.o
                0x0000000008003e20                NMI_Handler
 .text.HardFault_Handler
                0x0000000008003e26        0x6 ./Core/Src/stm32l4xx_it.o
                0x0000000008003e26                HardFault_Handler
 .text.MemManage_Handler
                0x0000000008003e2c        0x6 ./Core/Src/stm32l4xx_it.o
                0x0000000008003e2c                MemManage_Handler
 .text.BusFault_Handler
                0x0000000008003e32        0x6 ./Core/Src/stm32l4xx_it.o
                0x0000000008003e32                BusFault_Handler
 .text.UsageFault_Handler
                0x0000000008003e38        0x6 ./Core/Src/stm32l4xx_it.o
                0x0000000008003e38                UsageFault_Handler
 .text.SVC_Handler
                0x0000000008003e3e        0xe ./Core/Src/stm32l4xx_it.o
                0x0000000008003e3e                SVC_Handler
 .text.DebugMon_Handler
                0x0000000008003e4c        0xe ./Core/Src/stm32l4xx_it.o
                0x0000000008003e4c                DebugMon_Handler
 .text.PendSV_Handler
                0x0000000008003e5a        0xe ./Core/Src/stm32l4xx_it.o
                0x0000000008003e5a                PendSV_Handler
 .text.SysTick_Handler
                0x0000000008003e68       0x44 ./Core/Src/stm32l4xx_it.o
                0x0000000008003e68                SysTick_Handler
 .text.FLASH_IRQHandler
                0x0000000008003eac        0xc ./Core/Src/stm32l4xx_it.o
                0x0000000008003eac                FLASH_IRQHandler
 .text.EXTI0_IRQHandler
                0x0000000008003eb8        0xe ./Core/Src/stm32l4xx_it.o
                0x0000000008003eb8                EXTI0_IRQHandler
 .text.EXTI2_IRQHandler
                0x0000000008003ec6        0xe ./Core/Src/stm32l4xx_it.o
                0x0000000008003ec6                EXTI2_IRQHandler
 .text.DMA1_Channel1_IRQHandler
                0x0000000008003ed4       0x14 ./Core/Src/stm32l4xx_it.o
                0x0000000008003ed4                DMA1_Channel1_IRQHandler
 .text.SystemInit
                0x0000000008003ee8       0x24 ./Core/Src/system_stm32l4xx.o
                0x0000000008003ee8                SystemInit
 .text.Reset_Handler
                0x0000000008003f0c       0x50 ./Core/Startup/startup_stm32l452retx.o
                0x0000000008003f0c                Reset_Handler
 .text.Default_Handler
                0x0000000008003f5c        0x2 ./Core/Startup/startup_stm32l452retx.o
                0x0000000008003f5c                RTC_Alarm_IRQHandler
                0x0000000008003f5c                TIM1_CC_IRQHandler
                0x0000000008003f5c                TSC_IRQHandler
                0x0000000008003f5c                TAMP_STAMP_IRQHandler
                0x0000000008003f5c                EXTI3_IRQHandler
                0x0000000008003f5c                LPTIM2_IRQHandler
                0x0000000008003f5c                DFSDM1_FLT1_IRQHandler
                0x0000000008003f5c                I2C3_ER_IRQHandler
                0x0000000008003f5c                I2C2_EV_IRQHandler
                0x0000000008003f5c                CAN1_RX0_IRQHandler
                0x0000000008003f5c                FPU_IRQHandler
                0x0000000008003f5c                TIM1_UP_TIM16_IRQHandler
                0x0000000008003f5c                SPI1_IRQHandler
                0x0000000008003f5c                TIM6_DAC_IRQHandler
                0x0000000008003f5c                DMA2_Channel2_IRQHandler
                0x0000000008003f5c                DMA1_Channel4_IRQHandler
                0x0000000008003f5c                ADC1_IRQHandler
                0x0000000008003f5c                USART3_IRQHandler
                0x0000000008003f5c                DMA1_Channel7_IRQHandler
                0x0000000008003f5c                CAN1_RX1_IRQHandler
                0x0000000008003f5c                DMA2_Channel1_IRQHandler
                0x0000000008003f5c                QUADSPI_IRQHandler
                0x0000000008003f5c                I2C1_EV_IRQHandler
                0x0000000008003f5c                DMA1_Channel6_IRQHandler
                0x0000000008003f5c                UART4_IRQHandler
                0x0000000008003f5c                DMA2_Channel4_IRQHandler
                0x0000000008003f5c                TIM3_IRQHandler
                0x0000000008003f5c                RCC_IRQHandler
                0x0000000008003f5c                TIM1_TRG_COM_IRQHandler
                0x0000000008003f5c                Default_Handler
                0x0000000008003f5c                DMA2_Channel7_IRQHandler
                0x0000000008003f5c                EXTI15_10_IRQHandler
                0x0000000008003f5c                SDMMC1_IRQHandler
                0x0000000008003f5c                I2C3_EV_IRQHandler
                0x0000000008003f5c                USB_IRQHandler
                0x0000000008003f5c                EXTI9_5_IRQHandler
                0x0000000008003f5c                RTC_WKUP_IRQHandler
                0x0000000008003f5c                PVD_PVM_IRQHandler
                0x0000000008003f5c                SPI2_IRQHandler
                0x0000000008003f5c                CAN1_TX_IRQHandler
                0x0000000008003f5c                DMA2_Channel5_IRQHandler
                0x0000000008003f5c                CRS_IRQHandler
                0x0000000008003f5c                DMA1_Channel5_IRQHandler
                0x0000000008003f5c                EXTI4_IRQHandler
                0x0000000008003f5c                RNG_IRQHandler
                0x0000000008003f5c                DMA1_Channel3_IRQHandler
                0x0000000008003f5c                COMP_IRQHandler
                0x0000000008003f5c                WWDG_IRQHandler
                0x0000000008003f5c                I2C4_EV_IRQHandler
                0x0000000008003f5c                LPUART1_IRQHandler
                0x0000000008003f5c                DMA2_Channel6_IRQHandler
                0x0000000008003f5c                TIM2_IRQHandler
                0x0000000008003f5c                EXTI1_IRQHandler
                0x0000000008003f5c                USART2_IRQHandler
                0x0000000008003f5c                DFSDM1_FLT0_IRQHandler
                0x0000000008003f5c                I2C2_ER_IRQHandler
                0x0000000008003f5c                DMA1_Channel2_IRQHandler
                0x0000000008003f5c                CAN1_SCE_IRQHandler
                0x0000000008003f5c                USART1_IRQHandler
                0x0000000008003f5c                SPI3_IRQHandler
                0x0000000008003f5c                I2C1_ER_IRQHandler
                0x0000000008003f5c                LPTIM1_IRQHandler
                0x0000000008003f5c                I2C4_ER_IRQHandler
                0x0000000008003f5c                SAI1_IRQHandler
                0x0000000008003f5c                DMA2_Channel3_IRQHandler
                0x0000000008003f5c                TIM1_BRK_TIM15_IRQHandler
 .text.HAL_Init
                0x0000000008003f5e       0x30 ./Drivers/STM32L4xx_HAL_Driver/Src/stm32l4xx_hal.o
                0x0000000008003f5e                HAL_Init
 *fill*         0x0000000008003f8e        0x2 
 .text.HAL_InitTick
                0x0000000008003f90       0x78 ./Drivers/STM32L4xx_HAL_Driver/Src/stm32l4xx_hal.o
                0x0000000008003f90                HAL_InitTick
 .text.HAL_IncTick
                0x0000000008004008       0x28 ./Drivers/STM32L4xx_HAL_Driver/Src/stm32l4xx_hal.o
                0x0000000008004008                HAL_IncTick
 .text.HAL_GetTick
                0x0000000008004030       0x18 ./Drivers/STM32L4xx_HAL_Driver/Src/stm32l4xx_hal.o
                0x0000000008004030                HAL_GetTick
 .text.HAL_Delay
                0x0000000008004048       0x48 ./Drivers/STM32L4xx_HAL_Driver/Src/stm32l4xx_hal.o
                0x0000000008004048                HAL_Delay
 .text.LL_ADC_SetCommonClock
                0x0000000008004090       0x26 ./Drivers/STM32L4xx_HAL_Driver/Src/stm32l4xx_hal_adc.o
 .text.LL_ADC_SetCommonPathInternalCh
                0x00000000080040b6       0x26 ./Drivers/STM32L4xx_HAL_Driver/Src/stm32l4xx_hal_adc.o
 .text.LL_ADC_GetCommonPathInternalCh
                0x00000000080040dc       0x1c ./Drivers/STM32L4xx_HAL_Driver/Src/stm32l4xx_hal_adc.o
 .text.LL_ADC_SetOffset
                0x00000000080040f8       0x48 ./Drivers/STM32L4xx_HAL_Driver/Src/stm32l4xx_hal_adc.o
 .text.LL_ADC_GetOffsetChannel
                0x0000000008004140       0x2c ./Drivers/STM32L4xx_HAL_Driver/Src/stm32l4xx_hal_adc.o
 .text.LL_ADC_SetOffsetState
                0x000000000800416c       0x36 ./Drivers/STM32L4xx_HAL_Driver/Src/stm32l4xx_hal_adc.o
 .text.LL_ADC_SetSamplingTimeCommonConfig
                0x00000000080041a2       0x26 ./Drivers/STM32L4xx_HAL_Driver/Src/stm32l4xx_hal_adc.o
 .text.LL_ADC_REG_IsTriggerSourceSWStart
                0x00000000080041c8       0x26 ./Drivers/STM32L4xx_HAL_Driver/Src/stm32l4xx_hal_adc.o
 .text.LL_ADC_REG_SetSequencerRanks
                0x00000000080041ee       0x58 ./Drivers/STM32L4xx_HAL_Driver/Src/stm32l4xx_hal_adc.o
 .text.LL_ADC_SetChannelSamplingTime
                0x0000000008004246       0x56 ./Drivers/STM32L4xx_HAL_Driver/Src/stm32l4xx_hal_adc.o
 .text.LL_ADC_SetChannelSingleDiff
                0x000000000800429c       0x48 ./Drivers/STM32L4xx_HAL_Driver/Src/stm32l4xx_hal_adc.o
 .text.LL_ADC_DisableDeepPowerDown
                0x00000000080042e4       0x24 ./Drivers/STM32L4xx_HAL_Driver/Src/stm32l4xx_hal_adc.o
 .text.LL_ADC_IsDeepPowerDownEnabled
                0x0000000008004308       0x28 ./Drivers/STM32L4xx_HAL_Driver/Src/stm32l4xx_hal_adc.o
 .text.LL_ADC_EnableInternalRegulator
                0x0000000008004330       0x28 ./Drivers/STM32L4xx_HAL_Driver/Src/stm32l4xx_hal_adc.o
 .text.LL_ADC_IsInternalRegulatorEnabled
                0x0000000008004358       0x28 ./Drivers/STM32L4xx_HAL_Driver/Src/stm32l4xx_hal_adc.o
 .text.LL_ADC_Enable
                0x0000000008004380       0x28 ./Drivers/STM32L4xx_HAL_Driver/Src/stm32l4xx_hal_adc.o
 .text.LL_ADC_Disable
                0x00000000080043a8       0x28 ./Drivers/STM32L4xx_HAL_Driver/Src/stm32l4xx_hal_adc.o
 .text.LL_ADC_IsEnabled
                0x00000000080043d0       0x26 ./Drivers/STM32L4xx_HAL_Driver/Src/stm32l4xx_hal_adc.o
 .text.LL_ADC_IsDisableOngoing
                0x00000000080043f6       0x26 ./Drivers/STM32L4xx_HAL_Driver/Src/stm32l4xx_hal_adc.o
 .text.LL_ADC_REG_StartConversion
                0x000000000800441c       0x28 ./Drivers/STM32L4xx_HAL_Driver/Src/stm32l4xx_hal_adc.o
 .text.LL_ADC_REG_IsConversionOngoing
                0x0000000008004444       0x26 ./Drivers/STM32L4xx_HAL_Driver/Src/stm32l4xx_hal_adc.o
 .text.LL_ADC_INJ_IsConversionOngoing
                0x000000000800446a       0x26 ./Drivers/STM32L4xx_HAL_Driver/Src/stm32l4xx_hal_adc.o
 .text.HAL_ADC_Init
                0x0000000008004490      0x298 ./Drivers/STM32L4xx_HAL_Driver/Src/stm32l4xx_hal_adc.o
                0x0000000008004490                HAL_ADC_Init
 .text.HAL_ADC_Start_DMA
                0x0000000008004728      0x108 ./Drivers/STM32L4xx_HAL_Driver/Src/stm32l4xx_hal_adc.o
                0x0000000008004728                HAL_ADC_Start_DMA
 .text.HAL_ADC_ConvCpltCallback
                0x0000000008004830       0x14 ./Drivers/STM32L4xx_HAL_Driver/Src/stm32l4xx_hal_adc.o
                0x0000000008004830                HAL_ADC_ConvCpltCallback
 .text.HAL_ADC_ConvHalfCpltCallback
                0x0000000008004844       0x14 ./Drivers/STM32L4xx_HAL_Driver/Src/stm32l4xx_hal_adc.o
                0x0000000008004844                HAL_ADC_ConvHalfCpltCallback
 .text.HAL_ADC_ErrorCallback
                0x0000000008004858       0x14 ./Drivers/STM32L4xx_HAL_Driver/Src/stm32l4xx_hal_adc.o
                0x0000000008004858                HAL_ADC_ErrorCallback
 .text.HAL_ADC_ConfigChannel
                0x000000000800486c      0x7f8 ./Drivers/STM32L4xx_HAL_Driver/Src/stm32l4xx_hal_adc.o
                0x000000000800486c                HAL_ADC_ConfigChannel
 .text.ADC_Enable
                0x0000000008005064      0x10c ./Drivers/STM32L4xx_HAL_Driver/Src/stm32l4xx_hal_adc.o
                0x0000000008005064                ADC_Enable
 .text.ADC_Disable
                0x0000000008005170       0xbe ./Drivers/STM32L4xx_HAL_Driver/Src/stm32l4xx_hal_adc.o
                0x0000000008005170                ADC_Disable
 .text.ADC_DMAConvCplt
                0x000000000800522e       0xd8 ./Drivers/STM32L4xx_HAL_Driver/Src/stm32l4xx_hal_adc.o
                0x000000000800522e                ADC_DMAConvCplt
 .text.ADC_DMAHalfConvCplt
                0x0000000008005306       0x1c ./Drivers/STM32L4xx_HAL_Driver/Src/stm32l4xx_hal_adc.o
                0x0000000008005306                ADC_DMAHalfConvCplt
 .text.ADC_DMAError
                0x0000000008005322       0x34 ./Drivers/STM32L4xx_HAL_Driver/Src/stm32l4xx_hal_adc.o
                0x0000000008005322                ADC_DMAError
 .text.LL_ADC_StartCalibration
                0x0000000008005356       0x32 ./Drivers/STM32L4xx_HAL_Driver/Src/stm32l4xx_hal_adc_ex.o
 .text.LL_ADC_IsCalibrationOnGoing
                0x0000000008005388       0x28 ./Drivers/STM32L4xx_HAL_Driver/Src/stm32l4xx_hal_adc_ex.o
 .text.HAL_ADCEx_Calibration_Start
                0x00000000080053b0       0xc0 ./Drivers/STM32L4xx_HAL_Driver/Src/stm32l4xx_hal_adc_ex.o
                0x00000000080053b0                HAL_ADCEx_Calibration_Start
 .text.__NVIC_SetPriorityGrouping
                0x0000000008005470       0x48 ./Drivers/STM32L4xx_HAL_Driver/Src/stm32l4xx_hal_cortex.o
 .text.__NVIC_GetPriorityGrouping
                0x00000000080054b8       0x1c ./Drivers/STM32L4xx_HAL_Driver/Src/stm32l4xx_hal_cortex.o
 .text.__NVIC_EnableIRQ
                0x00000000080054d4       0x3c ./Drivers/STM32L4xx_HAL_Driver/Src/stm32l4xx_hal_cortex.o
 .text.__NVIC_SetPriority
                0x0000000008005510       0x54 ./Drivers/STM32L4xx_HAL_Driver/Src/stm32l4xx_hal_cortex.o
 .text.NVIC_EncodePriority
                0x0000000008005564       0x66 ./Drivers/STM32L4xx_HAL_Driver/Src/stm32l4xx_hal_cortex.o
 *fill*         0x00000000080055ca        0x2 
 .text.SysTick_Config
                0x00000000080055cc       0x44 ./Drivers/STM32L4xx_HAL_Driver/Src/stm32l4xx_hal_cortex.o
 .text.HAL_NVIC_SetPriorityGrouping
                0x0000000008005610       0x16 ./Drivers/STM32L4xx_HAL_Driver/Src/stm32l4xx_hal_cortex.o
                0x0000000008005610                HAL_NVIC_SetPriorityGrouping
 .text.HAL_NVIC_SetPriority
                0x0000000008005626       0x38 ./Drivers/STM32L4xx_HAL_Driver/Src/stm32l4xx_hal_cortex.o
                0x0000000008005626                HAL_NVIC_SetPriority
 .text.HAL_NVIC_EnableIRQ
                0x000000000800565e       0x1c ./Drivers/STM32L4xx_HAL_Driver/Src/stm32l4xx_hal_cortex.o
                0x000000000800565e                HAL_NVIC_EnableIRQ
 .text.HAL_SYSTICK_Config
                0x000000000800567a       0x18 ./Drivers/STM32L4xx_HAL_Driver/Src/stm32l4xx_hal_cortex.o
                0x000000000800567a                HAL_SYSTICK_Config
 .text.HAL_SYSTICK_IRQHandler
                0x0000000008005692        0xc ./Drivers/STM32L4xx_HAL_Driver/Src/stm32l4xx_hal_cortex.o
                0x0000000008005692                HAL_SYSTICK_IRQHandler
 .text.HAL_SYSTICK_Callback
                0x000000000800569e        0xe ./Drivers/STM32L4xx_HAL_Driver/Src/stm32l4xx_hal_cortex.o
                0x000000000800569e                HAL_SYSTICK_Callback
 .text.HAL_DMA_Init
                0x00000000080056ac      0x170 ./Drivers/STM32L4xx_HAL_Driver/Src/stm32l4xx_hal_dma.o
                0x00000000080056ac                HAL_DMA_Init
 .text.HAL_DMA_Start_IT
                0x000000000800581c       0xc0 ./Drivers/STM32L4xx_HAL_Driver/Src/stm32l4xx_hal_dma.o
                0x000000000800581c                HAL_DMA_Start_IT
 .text.HAL_DMA_IRQHandler
                0x00000000080058dc      0x15e ./Drivers/STM32L4xx_HAL_Driver/Src/stm32l4xx_hal_dma.o
                0x00000000080058dc                HAL_DMA_IRQHandler
 .text.DMA_SetConfig
                0x0000000008005a3a       0x60 ./Drivers/STM32L4xx_HAL_Driver/Src/stm32l4xx_hal_dma.o
 *fill*         0x0000000008005a9a        0x2 
 .text.HAL_FLASH_IRQHandler
                0x0000000008005a9c      0x1a4 ./Drivers/STM32L4xx_HAL_Driver/Src/stm32l4xx_hal_flash.o
                0x0000000008005a9c                HAL_FLASH_IRQHandler
 .text.HAL_FLASH_EndOfOperationCallback
                0x0000000008005c40       0x14 ./Drivers/STM32L4xx_HAL_Driver/Src/stm32l4xx_hal_flash.o
                0x0000000008005c40                HAL_FLASH_EndOfOperationCallback
 .text.HAL_FLASH_OperationErrorCallback
                0x0000000008005c54       0x14 ./Drivers/STM32L4xx_HAL_Driver/Src/stm32l4xx_hal_flash.o
                0x0000000008005c54                HAL_FLASH_OperationErrorCallback
 .text.FLASH_PageErase
                0x0000000008005c68       0x48 ./Drivers/STM32L4xx_HAL_Driver/Src/stm32l4xx_hal_flash_ex.o
                0x0000000008005c68                FLASH_PageErase
 .text.FLASH_FlushCaches
                0x0000000008005cb0       0x94 ./Drivers/STM32L4xx_HAL_Driver/Src/stm32l4xx_hal_flash_ex.o
                0x0000000008005cb0                FLASH_FlushCaches
 .text.HAL_GPIO_Init
                0x0000000008005d44      0x2f4 ./Drivers/STM32L4xx_HAL_Driver/Src/stm32l4xx_hal_gpio.o
                0x0000000008005d44                HAL_GPIO_Init
 .text.HAL_GPIO_ReadPin
                0x0000000008006038       0x30 ./Drivers/STM32L4xx_HAL_Driver/Src/stm32l4xx_hal_gpio.o
                0x0000000008006038                HAL_GPIO_ReadPin
 .text.HAL_GPIO_WritePin
                0x0000000008006068       0x30 ./Drivers/STM32L4xx_HAL_Driver/Src/stm32l4xx_hal_gpio.o
                0x0000000008006068                HAL_GPIO_WritePin
 .text.HAL_GPIO_TogglePin
                0x0000000008006098       0x34 ./Drivers/STM32L4xx_HAL_Driver/Src/stm32l4xx_hal_gpio.o
                0x0000000008006098                HAL_GPIO_TogglePin
 .text.HAL_GPIO_EXTI_IRQHandler
                0x00000000080060cc       0x30 ./Drivers/STM32L4xx_HAL_Driver/Src/stm32l4xx_hal_gpio.o
                0x00000000080060cc                HAL_GPIO_EXTI_IRQHandler
 .text.HAL_PWR_EnableBkUpAccess
                0x00000000080060fc       0x20 ./Drivers/STM32L4xx_HAL_Driver/Src/stm32l4xx_hal_pwr.o
                0x00000000080060fc                HAL_PWR_EnableBkUpAccess
 .text.HAL_PWR_DisableBkUpAccess
                0x000000000800611c       0x20 ./Drivers/STM32L4xx_HAL_Driver/Src/stm32l4xx_hal_pwr.o
                0x000000000800611c                HAL_PWR_DisableBkUpAccess
 .text.HAL_PWREx_GetVoltageRange
                0x000000000800613c       0x1c ./Drivers/STM32L4xx_HAL_Driver/Src/stm32l4xx_hal_pwr_ex.o
                0x000000000800613c                HAL_PWREx_GetVoltageRange
 .text.HAL_PWREx_ControlVoltageScaling
                0x0000000008006158       0xac ./Drivers/STM32L4xx_HAL_Driver/Src/stm32l4xx_hal_pwr_ex.o
                0x0000000008006158                HAL_PWREx_ControlVoltageScaling
 .text.HAL_RCC_OscConfig
                0x0000000008006204      0x828 ./Drivers/STM32L4xx_HAL_Driver/Src/stm32l4xx_hal_rcc.o
                0x0000000008006204                HAL_RCC_OscConfig
 .text.HAL_RCC_ClockConfig
                0x0000000008006a2c      0x200 ./Drivers/STM32L4xx_HAL_Driver/Src/stm32l4xx_hal_rcc.o
                0x0000000008006a2c                HAL_RCC_ClockConfig
 .text.HAL_RCC_GetSysClockFreq
                0x0000000008006c2c      0x114 ./Drivers/STM32L4xx_HAL_Driver/Src/stm32l4xx_hal_rcc.o
                0x0000000008006c2c                HAL_RCC_GetSysClockFreq
 .text.RCC_SetFlashLatencyFromMSIRange
                0x0000000008006d40       0xc0 ./Drivers/STM32L4xx_HAL_Driver/Src/stm32l4xx_hal_rcc.o
 .text.HAL_RCCEx_PeriphCLKConfig
                0x0000000008006e00      0x4d8 ./Drivers/STM32L4xx_HAL_Driver/Src/stm32l4xx_hal_rcc_ex.o
                0x0000000008006e00                HAL_RCCEx_PeriphCLKConfig
 .text.HAL_RCCEx_EnableMSIPLLMode
                0x00000000080072d8       0x20 ./Drivers/STM32L4xx_HAL_Driver/Src/stm32l4xx_hal_rcc_ex.o
                0x00000000080072d8                HAL_RCCEx_EnableMSIPLLMode
 .text.RCCEx_PLLSAI1_Config
                0x00000000080072f8      0x1e4 ./Drivers/STM32L4xx_HAL_Driver/Src/stm32l4xx_hal_rcc_ex.o
 .text.HAL_RTC_Init
                0x00000000080074dc       0xf6 ./Drivers/STM32L4xx_HAL_Driver/Src/stm32l4xx_hal_rtc.o
                0x00000000080074dc                HAL_RTC_Init
 .text.HAL_RTC_SetTime
                0x00000000080075d2      0x13a ./Drivers/STM32L4xx_HAL_Driver/Src/stm32l4xx_hal_rtc.o
                0x00000000080075d2                HAL_RTC_SetTime
 .text.HAL_RTC_GetTime
                0x000000000800770c       0xb8 ./Drivers/STM32L4xx_HAL_Driver/Src/stm32l4xx_hal_rtc.o
                0x000000000800770c                HAL_RTC_GetTime
 .text.HAL_RTC_SetDate
                0x00000000080077c4      0x10e ./Drivers/STM32L4xx_HAL_Driver/Src/stm32l4xx_hal_rtc.o
                0x00000000080077c4                HAL_RTC_SetDate
 .text.HAL_RTC_GetDate
                0x00000000080078d2       0x9a ./Drivers/STM32L4xx_HAL_Driver/Src/stm32l4xx_hal_rtc.o
                0x00000000080078d2                HAL_RTC_GetDate
 .text.HAL_RTC_WaitForSynchro
                0x000000000800796c       0x4c ./Drivers/STM32L4xx_HAL_Driver/Src/stm32l4xx_hal_rtc.o
                0x000000000800796c                HAL_RTC_WaitForSynchro
 .text.RTC_EnterInitMode
                0x00000000080079b8       0x66 ./Drivers/STM32L4xx_HAL_Driver/Src/stm32l4xx_hal_rtc.o
                0x00000000080079b8                RTC_EnterInitMode
 *fill*         0x0000000008007a1e        0x2 
 .text.RTC_ExitInitMode
                0x0000000008007a20       0x7c ./Drivers/STM32L4xx_HAL_Driver/Src/stm32l4xx_hal_rtc.o
                0x0000000008007a20                RTC_ExitInitMode
 .text.RTC_ByteToBcd2
                0x0000000008007a9c       0x40 ./Drivers/STM32L4xx_HAL_Driver/Src/stm32l4xx_hal_rtc.o
                0x0000000008007a9c                RTC_ByteToBcd2
 .text.RTC_Bcd2ToByte
                0x0000000008007adc       0x34 ./Drivers/STM32L4xx_HAL_Driver/Src/stm32l4xx_hal_rtc.o
                0x0000000008007adc                RTC_Bcd2ToByte
 .text.HAL_RTCEx_BKUPWrite
                0x0000000008007b10       0x32 ./Drivers/STM32L4xx_HAL_Driver/Src/stm32l4xx_hal_rtc_ex.o
                0x0000000008007b10                HAL_RTCEx_BKUPWrite
 .text.HAL_RTCEx_BKUPRead
                0x0000000008007b42       0x2c ./Drivers/STM32L4xx_HAL_Driver/Src/stm32l4xx_hal_rtc_ex.o
                0x0000000008007b42                HAL_RTCEx_BKUPRead
 .text.HAL_SPI_Init
                0x0000000008007b6e      0x146 ./Drivers/STM32L4xx_HAL_Driver/Src/stm32l4xx_hal_spi.o
                0x0000000008007b6e                HAL_SPI_Init
 .text.HAL_SPI_Transmit
                0x0000000008007cb4      0x2dc ./Drivers/STM32L4xx_HAL_Driver/Src/stm32l4xx_hal_spi.o
                0x0000000008007cb4                HAL_SPI_Transmit
 .text.HAL_SPI_TransmitReceive
                0x0000000008007f90      0x426 ./Drivers/STM32L4xx_HAL_Driver/Src/stm32l4xx_hal_spi.o
                0x0000000008007f90                HAL_SPI_TransmitReceive
 *fill*         0x00000000080083b6        0x2 
 .text.SPI_WaitFlagStateUntilTimeout
                0x00000000080083b8      0x110 ./Drivers/STM32L4xx_HAL_Driver/Src/stm32l4xx_hal_spi.o
 .text.SPI_WaitFifoStateUntilTimeout
                0x00000000080084c8      0x12c ./Drivers/STM32L4xx_HAL_Driver/Src/stm32l4xx_hal_spi.o
 .text.SPI_EndRxTxTransaction
                0x00000000080085f4       0x8c ./Drivers/STM32L4xx_HAL_Driver/Src/stm32l4xx_hal_spi.o
 .text.MX_FATFS_Init
                0x0000000008008680       0x24 ./FATFS/App/fatfs.o
                0x0000000008008680                MX_FATFS_Init
 .text.get_fattime
                0x00000000080086a4       0x10 ./FATFS/App/fatfs.o
                0x00000000080086a4                get_fattime
 .text.USER_initialize
                0x00000000080086b4       0x1c ./FATFS/Target/user_diskio.o
                0x00000000080086b4                USER_initialize
 .text.USER_status
                0x00000000080086d0       0x1c ./FATFS/Target/user_diskio.o
                0x00000000080086d0                USER_status
 .text.USER_read
                0x00000000080086ec       0x26 ./FATFS/Target/user_diskio.o
                0x00000000080086ec                USER_read
 .text.USER_write
                0x0000000008008712       0x26 ./FATFS/Target/user_diskio.o
                0x0000000008008712                USER_write
 .text.USER_ioctl
                0x0000000008008738       0x26 ./FATFS/Target/user_diskio.o
                0x0000000008008738                USER_ioctl
 *fill*         0x000000000800875e        0x2 
 .text.disk_status
                0x0000000008008760       0x34 ./Middlewares/Third_Party/FatFs/src/diskio.o
                0x0000000008008760                disk_status
 .text.disk_initialize
                0x0000000008008794       0x4c ./Middlewares/Third_Party/FatFs/src/diskio.o
                0x0000000008008794                disk_initialize
 .text.disk_read
                0x00000000080087e0       0x40 ./Middlewares/Third_Party/FatFs/src/diskio.o
                0x00000000080087e0                disk_read
 .text.disk_write
                0x0000000008008820       0x40 ./Middlewares/Third_Party/FatFs/src/diskio.o
                0x0000000008008820                disk_write
 .text.disk_ioctl
                0x0000000008008860       0x3c ./Middlewares/Third_Party/FatFs/src/diskio.o
                0x0000000008008860                disk_ioctl
 .text.ld_word  0x000000000800889c       0x30 ./Middlewares/Third_Party/FatFs/src/ff.o
 .text.ld_dword
                0x00000000080088cc       0x46 ./Middlewares/Third_Party/FatFs/src/ff.o
 .text.st_word  0x0000000008008912       0x36 ./Middlewares/Third_Party/FatFs/src/ff.o
 .text.st_dword
                0x0000000008008948       0x58 ./Middlewares/Third_Party/FatFs/src/ff.o
 .text.mem_cpy  0x00000000080089a0       0x42 ./Middlewares/Third_Party/FatFs/src/ff.o
 .text.mem_set  0x00000000080089e2       0x36 ./Middlewares/Third_Party/FatFs/src/ff.o
 .text.mem_cmp  0x0000000008008a18       0x4e ./Middlewares/Third_Party/FatFs/src/ff.o
 .text.chk_chr  0x0000000008008a66       0x36 ./Middlewares/Third_Party/FatFs/src/ff.o
 .text.chk_lock
                0x0000000008008a9c       0xb8 ./Middlewares/Third_Party/FatFs/src/ff.o
 .text.enq_lock
                0x0000000008008b54       0x44 ./Middlewares/Third_Party/FatFs/src/ff.o
 .text.inc_lock
                0x0000000008008b98      0x11c ./Middlewares/Third_Party/FatFs/src/ff.o
 .text.dec_lock
                0x0000000008008cb4       0x78 ./Middlewares/Third_Party/FatFs/src/ff.o
 .text.clear_lock
                0x0000000008008d2c       0x48 ./Middlewares/Third_Party/FatFs/src/ff.o
 .text.sync_window
                0x0000000008008d74       0x88 ./Middlewares/Third_Party/FatFs/src/ff.o
 .text.move_window
                0x0000000008008dfc       0x5a ./Middlewares/Third_Party/FatFs/src/ff.o
 *fill*         0x0000000008008e56        0x2 
 .text.sync_fs  0x0000000008008e58       0xe0 ./Middlewares/Third_Party/FatFs/src/ff.o
 .text.clust2sect
                0x0000000008008f38       0x3e ./Middlewares/Third_Party/FatFs/src/ff.o
 .text.get_fat  0x0000000008008f76      0x1a8 ./Middlewares/Third_Party/FatFs/src/ff.o
 .text.put_fat  0x000000000800911e      0x238 ./Middlewares/Third_Party/FatFs/src/ff.o
 .text.remove_chain
                0x0000000008009356       0xca ./Middlewares/Third_Party/FatFs/src/ff.o
 .text.create_chain
                0x0000000008009420      0x130 ./Middlewares/Third_Party/FatFs/src/ff.o
 .text.clmt_clust
                0x0000000008009550       0x70 ./Middlewares/Third_Party/FatFs/src/ff.o
 .text.dir_sdi  0x00000000080095c0      0x112 ./Middlewares/Third_Party/FatFs/src/ff.o
 .text.dir_next
                0x00000000080096d2      0x1ac ./Middlewares/Third_Party/FatFs/src/ff.o
 .text.dir_alloc
                0x000000000800987e       0x8e ./Middlewares/Third_Party/FatFs/src/ff.o
 .text.ld_clust
                0x000000000800990c       0x3e ./Middlewares/Third_Party/FatFs/src/ff.o
 .text.st_clust
                0x000000000800994a       0x40 ./Middlewares/Third_Party/FatFs/src/ff.o
 *fill*         0x000000000800998a        0x2 
 .text.cmp_lfn  0x000000000800998c       0xe0 ./Middlewares/Third_Party/FatFs/src/ff.o
 .text.put_lfn  0x0000000008009a6c       0xd0 ./Middlewares/Third_Party/FatFs/src/ff.o
 .text.gen_numname
                0x0000000008009b3c      0x11c ./Middlewares/Third_Party/FatFs/src/ff.o
 .text.sum_sfn  0x0000000008009c58       0x42 ./Middlewares/Third_Party/FatFs/src/ff.o
 .text.dir_find
                0x0000000008009c9a      0x180 ./Middlewares/Third_Party/FatFs/src/ff.o
 *fill*         0x0000000008009e1a        0x2 
 .text.dir_register
                0x0000000008009e1c      0x1f0 ./Middlewares/Third_Party/FatFs/src/ff.o
 .text.create_name
                0x000000000800a00c      0x370 ./Middlewares/Third_Party/FatFs/src/ff.o
 .text.follow_path
                0x000000000800a37c       0xec ./Middlewares/Third_Party/FatFs/src/ff.o
 .text.get_ldnumber
                0x000000000800a468       0x88 ./Middlewares/Third_Party/FatFs/src/ff.o
 .text.check_fs
                0x000000000800a4f0       0xac ./Middlewares/Third_Party/FatFs/src/ff.o
 .text.find_volume
                0x000000000800a59c      0x50c ./Middlewares/Third_Party/FatFs/src/ff.o
 .text.validate
                0x000000000800aaa8       0x6a ./Middlewares/Third_Party/FatFs/src/ff.o
 *fill*         0x000000000800ab12        0x2 
 .text.f_mount  0x000000000800ab14       0x8c ./Middlewares/Third_Party/FatFs/src/ff.o
                0x000000000800ab14                f_mount
 .text.f_open   0x000000000800aba0      0x398 ./Middlewares/Third_Party/FatFs/src/ff.o
                0x000000000800aba0                f_open
 .text.f_write  0x000000000800af38      0x328 ./Middlewares/Third_Party/FatFs/src/ff.o
                0x000000000800af38                f_write
 .text.f_sync   0x000000000800b260       0xfc ./Middlewares/Third_Party/FatFs/src/ff.o
                0x000000000800b260                f_sync
 .text.f_close  0x000000000800b35c       0x54 ./Middlewares/Third_Party/FatFs/src/ff.o
                0x000000000800b35c                f_close
 .text.putc_bfd
                0x000000000800b3b0       0x7a ./Middlewares/Third_Party/FatFs/src/ff.o
 .text.putc_flush
                0x000000000800b42a       0x4a ./Middlewares/Third_Party/FatFs/src/ff.o
 .text.putc_init
                0x000000000800b474       0x2a ./Middlewares/Third_Party/FatFs/src/ff.o
 .text.f_puts   0x000000000800b49e       0x48 ./Middlewares/Third_Party/FatFs/src/ff.o
                0x000000000800b49e                f_puts
 *fill*         0x000000000800b4e6        0x2 
 .text.f_printf
                0x000000000800b4e8      0x43c ./Middlewares/Third_Party/FatFs/src/ff.o
                0x000000000800b4e8                f_printf
 .text.FATFS_LinkDriverEx
                0x000000000800b924       0x98 ./Middlewares/Third_Party/FatFs/src/ff_gen_drv.o
                0x000000000800b924                FATFS_LinkDriverEx
 .text.FATFS_LinkDriver
                0x000000000800b9bc       0x1e ./Middlewares/Third_Party/FatFs/src/ff_gen_drv.o
                0x000000000800b9bc                FATFS_LinkDriver
 *fill*         0x000000000800b9da        0x2 
 .text.ff_convert
                0x000000000800b9dc       0x78 ./Middlewares/Third_Party/FatFs/src/option/ccsbcs.o
                0x000000000800b9dc                ff_convert
 .text.ff_wtoupper
                0x000000000800ba54      0x114 ./Middlewares/Third_Party/FatFs/src/option/ccsbcs.o
                0x000000000800ba54                ff_wtoupper
 .text.__libc_init_array
                0x000000000800bb68       0x48 c:/st/stm32cubeide_1.11.2/stm32cubeide/plugins/com.st.stm32cube.ide.mcu.externaltools.gnu-tools-for-stm32.10.3-2021.10.win32_1.0.200.202301161003/tools/bin/../lib/gcc/arm-none-eabi/10.3.1/../../../../arm-none-eabi/lib/thumb/v7e-m+fp/hard\libc_nano.a(lib_a-init.o)
                0x000000000800bb68                __libc_init_array
 .text.memset   0x000000000800bbb0       0x10 c:/st/stm32cubeide_1.11.2/stm32cubeide/plugins/com.st.stm32cube.ide.mcu.externaltools.gnu-tools-for-stm32.10.3-2021.10.win32_1.0.200.202301161003/tools/bin/../lib/gcc/arm-none-eabi/10.3.1/../../../../arm-none-eabi/lib/thumb/v7e-m+fp/hard\libc_nano.a(lib_a-memset.o)
                0x000000000800bbb0                memset
 *(.glue_7)
 .glue_7        0x000000000800bbc0        0x0 linker stubs
 *(.glue_7t)
 .glue_7t       0x000000000800bbc0        0x0 linker stubs
 *(.eh_frame)
 .eh_frame      0x000000000800bbc0        0x0 c:/st/stm32cubeide_1.11.2/stm32cubeide/plugins/com.st.stm32cube.ide.mcu.externaltools.gnu-tools-for-stm32.10.3-2021.10.win32_1.0.200.202301161003/tools/bin/../lib/gcc/arm-none-eabi/10.3.1/thumb/v7e-m+fp/hard/crtbegin.o
 *(.init)
 .init          0x000000000800bbc0        0x4 c:/st/stm32cubeide_1.11.2/stm32cubeide/plugins/com.st.stm32cube.ide.mcu.externaltools.gnu-tools-for-stm32.10.3-2021.10.win32_1.0.200.202301161003/tools/bin/../lib/gcc/arm-none-eabi/10.3.1/thumb/v7e-m+fp/hard/crti.o
                0x000000000800bbc0                _init
 .init          0x000000000800bbc4        0x8 c:/st/stm32cubeide_1.11.2/stm32cubeide/plugins/com.st.stm32cube.ide.mcu.externaltools.gnu-tools-for-stm32.10.3-2021.10.win32_1.0.200.202301161003/tools/bin/../lib/gcc/arm-none-eabi/10.3.1/thumb/v7e-m+fp/hard/crtn.o
 *(.fini)
 .fini          0x000000000800bbcc        0x4 c:/st/stm32cubeide_1.11.2/stm32cubeide/plugins/com.st.stm32cube.ide.mcu.externaltools.gnu-tools-for-stm32.10.3-2021.10.win32_1.0.200.202301161003/tools/bin/../lib/gcc/arm-none-eabi/10.3.1/thumb/v7e-m+fp/hard/crti.o
                0x000000000800bbcc                _fini
 .fini          0x000000000800bbd0        0x8 c:/st/stm32cubeide_1.11.2/stm32cubeide/plugins/com.st.stm32cube.ide.mcu.externaltools.gnu-tools-for-stm32.10.3-2021.10.win32_1.0.200.202301161003/tools/bin/../lib/gcc/arm-none-eabi/10.3.1/thumb/v7e-m+fp/hard/crtn.o
                0x000000000800bbd8                . = ALIGN (0x4)
                0x000000000800bbd8                _etext = .

.vfp11_veneer   0x000000000800bbd8        0x0
 .vfp11_veneer  0x000000000800bbd8        0x0 linker stubs

.v4_bx          0x000000000800bbd8        0x0
 .v4_bx         0x000000000800bbd8        0x0 linker stubs

.iplt           0x000000000800bbd8        0x0
 .iplt          0x000000000800bbd8        0x0 c:/st/stm32cubeide_1.11.2/stm32cubeide/plugins/com.st.stm32cube.ide.mcu.externaltools.gnu-tools-for-stm32.10.3-2021.10.win32_1.0.200.202301161003/tools/bin/../lib/gcc/arm-none-eabi/10.3.1/thumb/v7e-m+fp/hard/crtbegin.o

.rodata         0x000000000800bbd8      0xe58
                0x000000000800bbd8                . = ALIGN (0x4)
 *(.rodata)
 .rodata        0x000000000800bbd8      0x98e ./Core/Src/sdcard.o
 *fill*         0x000000000800c566        0x2 
 .rodata        0x000000000800c568       0x48 ./Middlewares/Third_Party/FatFs/src/ff.o
 *(.rodata*)
 .rodata.AHBPrescTable
                0x000000000800c5b0       0x10 ./Core/Src/system_stm32l4xx.o
                0x000000000800c5b0                AHBPrescTable
 .rodata.MSIRangeTable
                0x000000000800c5c0       0x30 ./Core/Src/system_stm32l4xx.o
                0x000000000800c5c0                MSIRangeTable
 .rodata.ExCvt  0x000000000800c5f0       0x80 ./Middlewares/Third_Party/FatFs/src/ff.o
 .rodata.LfnOfs
                0x000000000800c670        0xd ./Middlewares/Third_Party/FatFs/src/ff.o
 *fill*         0x000000000800c67d        0x3 
 .rodata.Tbl    0x000000000800c680      0x100 ./Middlewares/Third_Party/FatFs/src/option/ccsbcs.o
 .rodata.cvt1.1
                0x000000000800c780      0x1f2 ./Middlewares/Third_Party/FatFs/src/option/ccsbcs.o
 *fill*         0x000000000800c972        0x2 
 .rodata.cvt2.0
                0x000000000800c974       0xbc ./Middlewares/Third_Party/FatFs/src/option/ccsbcs.o
                0x000000000800ca30                . = ALIGN (0x4)

.rel.dyn        0x000000000800ca30        0x0
 .rel.iplt      0x000000000800ca30        0x0 c:/st/stm32cubeide_1.11.2/stm32cubeide/plugins/com.st.stm32cube.ide.mcu.externaltools.gnu-tools-for-stm32.10.3-2021.10.win32_1.0.200.202301161003/tools/bin/../lib/gcc/arm-none-eabi/10.3.1/thumb/v7e-m+fp/hard/crtbegin.o

.ARM.extab      0x000000000800ca30        0x0
                0x000000000800ca30                . = ALIGN (0x4)
 *(.ARM.extab* .gnu.linkonce.armextab.*)
                0x000000000800ca30                . = ALIGN (0x4)

.ARM            0x000000000800ca30        0x0
                0x000000000800ca30                . = ALIGN (0x4)
                0x000000000800ca30                __exidx_start = .
 *(.ARM.exidx*)
                0x000000000800ca30                __exidx_end = .
                0x000000000800ca30                . = ALIGN (0x4)

.preinit_array  0x000000000800ca30        0x0
                0x000000000800ca30                . = ALIGN (0x4)
                0x000000000800ca30                PROVIDE (__preinit_array_start = .)
 *(.preinit_array*)
                0x000000000800ca30                PROVIDE (__preinit_array_end = .)
                0x000000000800ca30                . = ALIGN (0x4)

.init_array     0x000000000800ca30        0x4
                0x000000000800ca30                . = ALIGN (0x4)
                0x000000000800ca30                PROVIDE (__init_array_start = .)
 *(SORT_BY_NAME(.init_array.*))
 *(.init_array*)
 .init_array    0x000000000800ca30        0x4 c:/st/stm32cubeide_1.11.2/stm32cubeide/plugins/com.st.stm32cube.ide.mcu.externaltools.gnu-tools-for-stm32.10.3-2021.10.win32_1.0.200.202301161003/tools/bin/../lib/gcc/arm-none-eabi/10.3.1/thumb/v7e-m+fp/hard/crtbegin.o
                0x000000000800ca34                PROVIDE (__init_array_end = .)
                0x000000000800ca34                . = ALIGN (0x4)

.fini_array     0x000000000800ca34        0x4
                0x000000000800ca34                . = ALIGN (0x4)
                [!provide]                        PROVIDE (__fini_array_start = .)
 *(SORT_BY_NAME(.fini_array.*))
 *(.fini_array*)
 .fini_array    0x000000000800ca34        0x4 c:/st/stm32cubeide_1.11.2/stm32cubeide/plugins/com.st.stm32cube.ide.mcu.externaltools.gnu-tools-for-stm32.10.3-2021.10.win32_1.0.200.202301161003/tools/bin/../lib/gcc/arm-none-eabi/10.3.1/thumb/v7e-m+fp/hard/crtbegin.o
                [!provide]                        PROVIDE (__fini_array_end = .)
                0x000000000800ca38                . = ALIGN (0x4)
                0x000000000800ca38                _sidata = LOADADDR (.data)

.data           0x0000000020000000       0x60 load address 0x000000000800ca38
                0x0000000020000000                . = ALIGN (0x4)
                0x0000000020000000                _sdata = .
 *(.data)
 *(.data*)
 .data.choice_cable_count
                0x0000000020000000        0x1 ./Core/Src/configuration.o
                0x0000000020000000                choice_cable_count
 .data.extinguisher_count
                0x0000000020000001        0x1 ./Core/Src/configuration.o
                0x0000000020000001                extinguisher_count
 .data.zone_count
                0x0000000020000002        0x1 ./Core/Src/configuration.o
                0x0000000020000002                zone_count
 .data.cable_trig_time
                0x0000000020000003        0x1 ./Core/Src/configuration.o
                0x0000000020000003                cable_trig_time
 .data.breakup_trig_time
                0x0000000020000004        0x1 ./Core/Src/configuration.o
                0x0000000020000004                breakup_trig_time
 .data.delay_trig_time
                0x0000000020000005        0x1 ./Core/Src/configuration.o
                0x0000000020000005                delay_trig_time
 *fill*         0x0000000020000006        0x2 
 .data.config   0x0000000020000008        0x7 ./Core/Src/configuration.o
                0x0000000020000008                config
 *fill*         0x000000002000000f        0x1 
 .data.extinguisher
                0x0000000020000010        0xc ./Core/Src/extinguisher.o
                0x0000000020000010                extinguisher
 .data.Stat     0x000000002000001c        0x1 ./Core/Src/fatfs_sd.o
 .data.service_mode
                0x000000002000001d        0x1 ./Core/Src/service.o
 *fill*         0x000000002000001e        0x2 
 .data.SystemCoreClock
                0x0000000020000020        0x4 ./Core/Src/system_stm32l4xx.o
                0x0000000020000020                SystemCoreClock
 .data.uwTickPrio
                0x0000000020000024        0x4 ./Drivers/STM32L4xx_HAL_Driver/Src/stm32l4xx_hal.o
                0x0000000020000024                uwTickPrio
 .data.uwTickFreq
                0x0000000020000028        0x1 ./Drivers/STM32L4xx_HAL_Driver/Src/stm32l4xx_hal.o
                0x0000000020000028                uwTickFreq
 *fill*         0x0000000020000029        0x3 
 .data.pFlash   0x000000002000002c       0x20 ./Drivers/STM32L4xx_HAL_Driver/Src/stm32l4xx_hal_flash.o
                0x000000002000002c                pFlash
 .data.USER_Driver
                0x000000002000004c       0x14 ./FATFS/Target/user_diskio.o
                0x000000002000004c                USER_Driver
 *(.RamFunc)
 *(.RamFunc*)
                0x0000000020000060                . = ALIGN (0x4)
                0x0000000020000060                _edata = .

.igot.plt       0x0000000020000060        0x0 load address 0x000000000800ca98
 .igot.plt      0x0000000020000060        0x0 c:/st/stm32cubeide_1.11.2/stm32cubeide/plugins/com.st.stm32cube.ide.mcu.externaltools.gnu-tools-for-stm32.10.3-2021.10.win32_1.0.200.202301161003/tools/bin/../lib/gcc/arm-none-eabi/10.3.1/thumb/v7e-m+fp/hard/crtbegin.o
                0x0000000020000060                . = ALIGN (0x4)

.bss            0x0000000020000060     0x24d8 load address 0x000000000800ca98
                0x0000000020000060                _sbss = .
                0x0000000020000060                __bss_start__ = _sbss
 *(.bss)
 .bss           0x0000000020000060       0x1c c:/st/stm32cubeide_1.11.2/stm32cubeide/plugins/com.st.stm32cube.ide.mcu.externaltools.gnu-tools-for-stm32.10.3-2021.10.win32_1.0.200.202301161003/tools/bin/../lib/gcc/arm-none-eabi/10.3.1/thumb/v7e-m+fp/hard/crtbegin.o
 *(.bss*)
 .bss.value     0x000000002000007c        0xc ./Core/Src/adc.o
                0x000000002000007c                value
 .bss.hadc1     0x0000000020000088       0x68 ./Core/Src/adc.o
                0x0000000020000088                hadc1
 .bss.hdma_adc1
                0x00000000200000f0       0x48 ./Core/Src/adc.o
                0x00000000200000f0                hdma_adc1
 .bss.breakup   0x0000000020000138        0x4 ./Core/Src/breakup.o
                0x0000000020000138                breakup
 .bss.is_fault  0x000000002000013c        0x1 ./Core/Src/breakup.o
                0x000000002000013c                is_fault
 .bss.check_on.0
                0x000000002000013d        0x1 ./Core/Src/breakup.o
 .bss.sw_change
                0x000000002000013e        0x1 ./Core/Src/configuration.o
 .bss.buttonSwPressed
                0x000000002000013f        0x1 ./Core/Src/configuration.o
                0x000000002000013f                buttonSwPressed
 .bss.buttonChPressed
                0x0000000020000140        0x1 ./Core/Src/configuration.o
                0x0000000020000140                buttonChPressed
 .bss.x.1       0x0000000020000141        0x1 ./Core/Src/configuration.o
 .bss.x.0       0x0000000020000142        0x1 ./Core/Src/configuration.o
 *fill*         0x0000000020000143        0x1 
 .bss.second_counters
                0x0000000020000144       0x30 ./Core/Src/counter.o
                0x0000000020000144                second_counters
 .bss.millis_counters
                0x0000000020000174       0x1c ./Core/Src/counter.o
                0x0000000020000174                millis_counters
 .bss.millis.0  0x0000000020000190        0x2 ./Core/Src/counter.o
 *fill*         0x0000000020000192        0x2 
 .bss.det_cable
                0x0000000020000194       0x28 ./Core/Src/det_cable.o
                0x0000000020000194                det_cable
 .bss.max_delay_count
                0x00000000200001bc        0x1 ./Core/Src/extinguisher.o
 .bss.delay     0x00000000200001bd        0x1 ./Core/Src/extinguisher.o
 .bss.triggered_on.2
                0x00000000200001be        0x1 ./Core/Src/extinguisher.o
 .bss.ext_timer.1
                0x00000000200001bf        0x1 ./Core/Src/extinguisher.o
 .bss.delay_time_adc.0
                0x00000000200001c0        0x2 ./Core/Src/extinguisher.o
 .bss.Timer1    0x00000000200001c2        0x2 ./Core/Src/fatfs_sd.o
                0x00000000200001c2                Timer1
 .bss.Timer2    0x00000000200001c4        0x2 ./Core/Src/fatfs_sd.o
                0x00000000200001c4                Timer2
 .bss.CardType  0x00000000200001c6        0x1 ./Core/Src/fatfs_sd.o
 .bss.PowerFlag
                0x00000000200001c7        0x1 ./Core/Src/fatfs_sd.o
 .bss.sd_fault_ext_con
                0x00000000200001c8        0x1 ./Core/Src/fault.o
 .bss.sd_fault_det_cable_con
                0x00000000200001c9        0x1 ./Core/Src/fault.o
 .bss.sd_fault_delay_but_con
                0x00000000200001ca        0x1 ./Core/Src/fault.o
 .bss.led_off.2
                0x00000000200001cb        0x1 ./Core/Src/fault.o
 .bss.delay_value.1
                0x00000000200001cc        0x2 ./Core/Src/fault.o
 .bss.check_bat_1.0
                0x00000000200001ce        0x1 ./Core/Src/fault.o
 *fill*         0x00000000200001cf        0x1 
 .bss.today     0x00000000200001d0        0x4 ./Core/Src/rtc.o
                0x00000000200001d0                today
 .bss.new_time  0x00000000200001d4       0x14 ./Core/Src/rtc.o
                0x00000000200001d4                new_time
 .bss.hrtc      0x00000000200001e8       0x24 ./Core/Src/rtc.o
                0x00000000200001e8                hrtc
 .bss.fs        0x000000002000020c     0x1038 ./Core/Src/sdcard.o
 .bss.fil       0x0000000020001244     0x1030 ./Core/Src/sdcard.o
 .bss.fres      0x0000000020002274        0x1 ./Core/Src/sdcard.o
 *fill*         0x0000000020002275        0x3 
 .bss.time      0x0000000020002278       0x14 ./Core/Src/sdcard.o
                0x0000000020002278                time
 .bss.date      0x000000002000228c        0x4 ./Core/Src/sdcard.o
                0x000000002000228c                date
 .bss.service_cable_on.2
                0x0000000020002290        0x1 ./Core/Src/service.o
 .bss.service_timer.1
                0x0000000020002291        0x1 ./Core/Src/service.o
 .bss.service_sd.0
                0x0000000020002292        0x1 ./Core/Src/service.o
 *fill*         0x0000000020002293        0x1 
 .bss.hspi1     0x0000000020002294       0x64 ./Core/Src/spi.o
                0x0000000020002294                hspi1
 .bss.uwTick    0x00000000200022f8        0x4 ./Drivers/STM32L4xx_HAL_Driver/Src/stm32l4xx_hal.o
                0x00000000200022f8                uwTick
 .bss.retUSER   0x00000000200022fc        0x1 ./FATFS/App/fatfs.o
                0x00000000200022fc                retUSER
 *fill*         0x00000000200022fd        0x3 
 .bss.USERPath  0x0000000020002300        0x4 ./FATFS/App/fatfs.o
                0x0000000020002300                USERPath
 .bss.FatFs     0x0000000020002304        0x4 ./Middlewares/Third_Party/FatFs/src/ff.o
 .bss.Fsid      0x0000000020002308        0x2 ./Middlewares/Third_Party/FatFs/src/ff.o
 *fill*         0x000000002000230a        0x2 
 .bss.Files     0x000000002000230c       0x20 ./Middlewares/Third_Party/FatFs/src/ff.o
 .bss.LfnBuf    0x000000002000232c      0x200 ./Middlewares/Third_Party/FatFs/src/ff.o
 .bss.disk      0x000000002000252c        0xc ./Middlewares/Third_Party/FatFs/src/ff_gen_drv.o
                0x000000002000252c                disk
 *(COMMON)
                0x0000000020002538                . = ALIGN (0x4)
                0x0000000020002538                _ebss = .
                0x0000000020002538                __bss_end__ = _ebss

._user_heap_stack
                0x0000000020002538      0x600 load address 0x000000000800ca98
                0x0000000020002538                . = ALIGN (0x8)
                [!provide]                        PROVIDE (end = .)
                0x0000000020002538                PROVIDE (_end = .)
                0x0000000020002738                . = (. + _Min_Heap_Size)
 *fill*         0x0000000020002538      0x200 
                0x0000000020002b38                . = (. + _Min_Stack_Size)
 *fill*         0x0000000020002738      0x400 
                0x0000000020002b38                . = ALIGN (0x8)

/DISCARD/
 libc.a(*)
 libm.a(*)
 libgcc.a(*)

.ARM.attributes
                0x0000000000000000       0x30
 *(.ARM.attributes)
 .ARM.attributes
                0x0000000000000000       0x1e c:/st/stm32cubeide_1.11.2/stm32cubeide/plugins/com.st.stm32cube.ide.mcu.externaltools.gnu-tools-for-stm32.10.3-2021.10.win32_1.0.200.202301161003/tools/bin/../lib/gcc/arm-none-eabi/10.3.1/thumb/v7e-m+fp/hard/crti.o
 .ARM.attributes
                0x000000000000001e       0x34 c:/st/stm32cubeide_1.11.2/stm32cubeide/plugins/com.st.stm32cube.ide.mcu.externaltools.gnu-tools-for-stm32.10.3-2021.10.win32_1.0.200.202301161003/tools/bin/../lib/gcc/arm-none-eabi/10.3.1/thumb/v7e-m+fp/hard/crtbegin.o
 .ARM.attributes
                0x0000000000000052       0x34 ./Core/Src/adc.o
 .ARM.attributes
                0x0000000000000086       0x34 ./Core/Src/breakup.o
 .ARM.attributes
                0x00000000000000ba       0x34 ./Core/Src/configuration.o
 .ARM.attributes
                0x00000000000000ee       0x34 ./Core/Src/counter.o
 .ARM.attributes
                0x0000000000000122       0x34 ./Core/Src/det_cable.o
 .ARM.attributes
                0x0000000000000156       0x34 ./Core/Src/dma.o
 .ARM.attributes
                0x000000000000018a       0x34 ./Core/Src/extinguisher.o
 .ARM.attributes
                0x00000000000001be       0x34 ./Core/Src/fatfs_sd.o
 .ARM.attributes
                0x00000000000001f2       0x34 ./Core/Src/fault.o
 .ARM.attributes
                0x0000000000000226       0x34 ./Core/Src/gpio.o
 .ARM.attributes
                0x000000000000025a       0x34 ./Core/Src/led_operation.o
 .ARM.attributes
                0x000000000000028e       0x34 ./Core/Src/main.o
 .ARM.attributes
                0x00000000000002c2       0x34 ./Core/Src/rtc.o
 .ARM.attributes
                0x00000000000002f6       0x34 ./Core/Src/sdcard.o
 .ARM.attributes
                0x000000000000032a       0x34 ./Core/Src/service.o
 .ARM.attributes
                0x000000000000035e       0x34 ./Core/Src/spi.o
 .ARM.attributes
                0x0000000000000392       0x34 ./Core/Src/stm32l4xx_hal_msp.o
 .ARM.attributes
                0x00000000000003c6       0x34 ./Core/Src/stm32l4xx_it.o
 .ARM.attributes
                0x00000000000003fa       0x34 ./Core/Src/system_stm32l4xx.o
 .ARM.attributes
                0x000000000000042e       0x21 ./Core/Startup/startup_stm32l452retx.o
 .ARM.attributes
                0x000000000000044f       0x34 ./Drivers/STM32L4xx_HAL_Driver/Src/stm32l4xx_hal.o
 .ARM.attributes
                0x0000000000000483       0x34 ./Drivers/STM32L4xx_HAL_Driver/Src/stm32l4xx_hal_adc.o
 .ARM.attributes
                0x00000000000004b7       0x34 ./Drivers/STM32L4xx_HAL_Driver/Src/stm32l4xx_hal_adc_ex.o
 .ARM.attributes
                0x00000000000004eb       0x34 ./Drivers/STM32L4xx_HAL_Driver/Src/stm32l4xx_hal_cortex.o
 .ARM.attributes
                0x000000000000051f       0x34 ./Drivers/STM32L4xx_HAL_Driver/Src/stm32l4xx_hal_dma.o
 .ARM.attributes
                0x0000000000000553       0x34 ./Drivers/STM32L4xx_HAL_Driver/Src/stm32l4xx_hal_flash.o
 .ARM.attributes
                0x0000000000000587       0x34 ./Drivers/STM32L4xx_HAL_Driver/Src/stm32l4xx_hal_flash_ex.o
 .ARM.attributes
                0x00000000000005bb       0x34 ./Drivers/STM32L4xx_HAL_Driver/Src/stm32l4xx_hal_gpio.o
 .ARM.attributes
                0x00000000000005ef       0x34 ./Drivers/STM32L4xx_HAL_Driver/Src/stm32l4xx_hal_pwr.o
 .ARM.attributes
                0x0000000000000623       0x34 ./Drivers/STM32L4xx_HAL_Driver/Src/stm32l4xx_hal_pwr_ex.o
 .ARM.attributes
                0x0000000000000657       0x34 ./Drivers/STM32L4xx_HAL_Driver/Src/stm32l4xx_hal_rcc.o
 .ARM.attributes
                0x000000000000068b       0x34 ./Drivers/STM32L4xx_HAL_Driver/Src/stm32l4xx_hal_rcc_ex.o
 .ARM.attributes
                0x00000000000006bf       0x34 ./Drivers/STM32L4xx_HAL_Driver/Src/stm32l4xx_hal_rtc.o
 .ARM.attributes
                0x00000000000006f3       0x34 ./Drivers/STM32L4xx_HAL_Driver/Src/stm32l4xx_hal_rtc_ex.o
 .ARM.attributes
                0x0000000000000727       0x34 ./Drivers/STM32L4xx_HAL_Driver/Src/stm32l4xx_hal_spi.o
 .ARM.attributes
                0x000000000000075b       0x34 ./FATFS/App/fatfs.o
 .ARM.attributes
                0x000000000000078f       0x34 ./FATFS/Target/user_diskio.o
 .ARM.attributes
                0x00000000000007c3       0x34 ./Middlewares/Third_Party/FatFs/src/diskio.o
 .ARM.attributes
                0x00000000000007f7       0x34 ./Middlewares/Third_Party/FatFs/src/ff.o
 .ARM.attributes
                0x000000000000082b       0x34 ./Middlewares/Third_Party/FatFs/src/ff_gen_drv.o
 .ARM.attributes
                0x000000000000085f       0x34 ./Middlewares/Third_Party/FatFs/src/option/ccsbcs.o
 .ARM.attributes
                0x0000000000000893       0x34 c:/st/stm32cubeide_1.11.2/stm32cubeide/plugins/com.st.stm32cube.ide.mcu.externaltools.gnu-tools-for-stm32.10.3-2021.10.win32_1.0.200.202301161003/tools/bin/../lib/gcc/arm-none-eabi/10.3.1/../../../../arm-none-eabi/lib/thumb/v7e-m+fp/hard\libc_nano.a(lib_a-init.o)
 .ARM.attributes
                0x00000000000008c7       0x34 c:/st/stm32cubeide_1.11.2/stm32cubeide/plugins/com.st.stm32cube.ide.mcu.externaltools.gnu-tools-for-stm32.10.3-2021.10.win32_1.0.200.202301161003/tools/bin/../lib/gcc/arm-none-eabi/10.3.1/../../../../arm-none-eabi/lib/thumb/v7e-m+fp/hard\libc_nano.a(lib_a-memset.o)
 .ARM.attributes
                0x00000000000008fb       0x1e c:/st/stm32cubeide_1.11.2/stm32cubeide/plugins/com.st.stm32cube.ide.mcu.externaltools.gnu-tools-for-stm32.10.3-2021.10.win32_1.0.200.202301161003/tools/bin/../lib/gcc/arm-none-eabi/10.3.1/thumb/v7e-m+fp/hard/crtn.o
OUTPUT(STO_EX.elf elf32-littlearm)
LOAD linker stubs
LOAD c:/st/stm32cubeide_1.11.2/stm32cubeide/plugins/com.st.stm32cube.ide.mcu.externaltools.gnu-tools-for-stm32.10.3-2021.10.win32_1.0.200.202301161003/tools/bin/../lib/gcc/arm-none-eabi/10.3.1/../../../../arm-none-eabi/lib/thumb/v7e-m+fp/hard\libc.a
LOAD c:/st/stm32cubeide_1.11.2/stm32cubeide/plugins/com.st.stm32cube.ide.mcu.externaltools.gnu-tools-for-stm32.10.3-2021.10.win32_1.0.200.202301161003/tools/bin/../lib/gcc/arm-none-eabi/10.3.1/../../../../arm-none-eabi/lib/thumb/v7e-m+fp/hard\libm.a
LOAD c:/st/stm32cubeide_1.11.2/stm32cubeide/plugins/com.st.stm32cube.ide.mcu.externaltools.gnu-tools-for-stm32.10.3-2021.10.win32_1.0.200.202301161003/tools/bin/../lib/gcc/arm-none-eabi/10.3.1/thumb/v7e-m+fp/hard\libgcc.a

.debug_info     0x0000000000000000    0x19ce6
 .debug_info    0x0000000000000000      0xeed ./Core/Src/adc.o
 .debug_info    0x0000000000000eed      0x49d ./Core/Src/breakup.o
 .debug_info    0x000000000000138a      0xd96 ./Core/Src/configuration.o
 .debug_info    0x0000000000002120      0x353 ./Core/Src/counter.o
 .debug_info    0x0000000000002473      0x2d7 ./Core/Src/det_cable.o
 .debug_info    0x000000000000274a      0x526 ./Core/Src/dma.o
 .debug_info    0x0000000000002c70      0x738 ./Core/Src/extinguisher.o
 .debug_info    0x00000000000033a8      0xcbb ./Core/Src/fatfs_sd.o
 .debug_info    0x0000000000004063      0x5cf ./Core/Src/fault.o
 .debug_info    0x0000000000004632      0x739 ./Core/Src/gpio.o
 .debug_info    0x0000000000004d6b      0x1dc ./Core/Src/led_operation.o
 .debug_info    0x0000000000004f47      0x85d ./Core/Src/main.o
 .debug_info    0x00000000000057a4      0xbf6 ./Core/Src/rtc.o
 .debug_info    0x000000000000639a      0xd31 ./Core/Src/sdcard.o
 .debug_info    0x00000000000070cb      0x39d ./Core/Src/service.o
 .debug_info    0x0000000000007468      0xa47 ./Core/Src/spi.o
 .debug_info    0x0000000000007eaf      0x543 ./Core/Src/stm32l4xx_hal_msp.o
 .debug_info    0x00000000000083f2      0x45a ./Core/Src/stm32l4xx_it.o
 .debug_info    0x000000000000884c      0x5e2 ./Core/Src/system_stm32l4xx.o
 .debug_info    0x0000000000008e2e       0x22 ./Core/Startup/startup_stm32l452retx.o
 .debug_info    0x0000000000008e50      0xb09 ./Drivers/STM32L4xx_HAL_Driver/Src/stm32l4xx_hal.o
 .debug_info    0x0000000000009959     0x1dbb ./Drivers/STM32L4xx_HAL_Driver/Src/stm32l4xx_hal_adc.o
 .debug_info    0x000000000000b714     0x18b7 ./Drivers/STM32L4xx_HAL_Driver/Src/stm32l4xx_hal_adc_ex.o
 .debug_info    0x000000000000cfcb      0xdd9 ./Drivers/STM32L4xx_HAL_Driver/Src/stm32l4xx_hal_cortex.o
 .debug_info    0x000000000000dda4      0x76a ./Drivers/STM32L4xx_HAL_Driver/Src/stm32l4xx_hal_dma.o
 .debug_info    0x000000000000e50e      0x6c4 ./Drivers/STM32L4xx_HAL_Driver/Src/stm32l4xx_hal_flash.o
 .debug_info    0x000000000000ebd2      0x7c6 ./Drivers/STM32L4xx_HAL_Driver/Src/stm32l4xx_hal_flash_ex.o
 .debug_info    0x000000000000f398      0x82f ./Drivers/STM32L4xx_HAL_Driver/Src/stm32l4xx_hal_gpio.o
 .debug_info    0x000000000000fbc7      0x96c ./Drivers/STM32L4xx_HAL_Driver/Src/stm32l4xx_hal_pwr.o
 .debug_info    0x0000000000010533      0x96b ./Drivers/STM32L4xx_HAL_Driver/Src/stm32l4xx_hal_pwr_ex.o
 .debug_info    0x0000000000010e9e      0xca5 ./Drivers/STM32L4xx_HAL_Driver/Src/stm32l4xx_hal_rcc.o
 .debug_info    0x0000000000011b43      0xfaa ./Drivers/STM32L4xx_HAL_Driver/Src/stm32l4xx_hal_rcc_ex.o
 .debug_info    0x0000000000012aed      0xea7 ./Drivers/STM32L4xx_HAL_Driver/Src/stm32l4xx_hal_rtc.o
 .debug_info    0x0000000000013994     0x1108 ./Drivers/STM32L4xx_HAL_Driver/Src/stm32l4xx_hal_rtc_ex.o
 .debug_info    0x0000000000014a9c     0x1782 ./Drivers/STM32L4xx_HAL_Driver/Src/stm32l4xx_hal_spi.o
 .debug_info    0x000000000001621e      0x526 ./FATFS/App/fatfs.o
 .debug_info    0x0000000000016744      0x3d2 ./FATFS/Target/user_diskio.o
 .debug_info    0x0000000000016b16      0x412 ./Middlewares/Third_Party/FatFs/src/diskio.o
 .debug_info    0x0000000000016f28     0x284f ./Middlewares/Third_Party/FatFs/src/ff.o
 .debug_info    0x0000000000019777      0x3a9 ./Middlewares/Third_Party/FatFs/src/ff_gen_drv.o
 .debug_info    0x0000000000019b20      0x1c6 ./Middlewares/Third_Party/FatFs/src/option/ccsbcs.o

.debug_abbrev   0x0000000000000000     0x4d8a
 .debug_abbrev  0x0000000000000000      0x20b ./Core/Src/adc.o
 .debug_abbrev  0x000000000000020b      0x1f6 ./Core/Src/breakup.o
 .debug_abbrev  0x0000000000000401      0x30a ./Core/Src/configuration.o
 .debug_abbrev  0x000000000000070b      0x166 ./Core/Src/counter.o
 .debug_abbrev  0x0000000000000871      0x130 ./Core/Src/det_cable.o
 .debug_abbrev  0x00000000000009a1       0xf8 ./Core/Src/dma.o
 .debug_abbrev  0x0000000000000a99      0x23d ./Core/Src/extinguisher.o
 .debug_abbrev  0x0000000000000cd6      0x2d7 ./Core/Src/fatfs_sd.o
 .debug_abbrev  0x0000000000000fad      0x207 ./Core/Src/fault.o
 .debug_abbrev  0x00000000000011b4      0x14f ./Core/Src/gpio.o
 .debug_abbrev  0x0000000000001303      0x103 ./Core/Src/led_operation.o
 .debug_abbrev  0x0000000000001406      0x26f ./Core/Src/main.o
 .debug_abbrev  0x0000000000001675      0x1cc ./Core/Src/rtc.o
 .debug_abbrev  0x0000000000001841      0x244 ./Core/Src/sdcard.o
 .debug_abbrev  0x0000000000001a85      0x19e ./Core/Src/service.o
 .debug_abbrev  0x0000000000001c23      0x1e0 ./Core/Src/spi.o
 .debug_abbrev  0x0000000000001e03      0x103 ./Core/Src/stm32l4xx_hal_msp.o
 .debug_abbrev  0x0000000000001f06      0x191 ./Core/Src/stm32l4xx_it.o
 .debug_abbrev  0x0000000000002097      0x116 ./Core/Src/system_stm32l4xx.o
 .debug_abbrev  0x00000000000021ad       0x12 ./Core/Startup/startup_stm32l452retx.o
 .debug_abbrev  0x00000000000021bf      0x23a ./Drivers/STM32L4xx_HAL_Driver/Src/stm32l4xx_hal.o
 .debug_abbrev  0x00000000000023f9      0x2b6 ./Drivers/STM32L4xx_HAL_Driver/Src/stm32l4xx_hal_adc.o
 .debug_abbrev  0x00000000000026af      0x2c5 ./Drivers/STM32L4xx_HAL_Driver/Src/stm32l4xx_hal_adc_ex.o
 .debug_abbrev  0x0000000000002974      0x316 ./Drivers/STM32L4xx_HAL_Driver/Src/stm32l4xx_hal_cortex.o
 .debug_abbrev  0x0000000000002c8a      0x1d7 ./Drivers/STM32L4xx_HAL_Driver/Src/stm32l4xx_hal_dma.o
 .debug_abbrev  0x0000000000002e61      0x305 ./Drivers/STM32L4xx_HAL_Driver/Src/stm32l4xx_hal_flash.o
 .debug_abbrev  0x0000000000003166      0x21f ./Drivers/STM32L4xx_HAL_Driver/Src/stm32l4xx_hal_flash_ex.o
 .debug_abbrev  0x0000000000003385      0x1bb ./Drivers/STM32L4xx_HAL_Driver/Src/stm32l4xx_hal_gpio.o
 .debug_abbrev  0x0000000000003540      0x1c9 ./Drivers/STM32L4xx_HAL_Driver/Src/stm32l4xx_hal_pwr.o
 .debug_abbrev  0x0000000000003709      0x1f3 ./Drivers/STM32L4xx_HAL_Driver/Src/stm32l4xx_hal_pwr_ex.o
 .debug_abbrev  0x00000000000038fc      0x2bd ./Drivers/STM32L4xx_HAL_Driver/Src/stm32l4xx_hal_rcc.o
 .debug_abbrev  0x0000000000003bb9      0x299 ./Drivers/STM32L4xx_HAL_Driver/Src/stm32l4xx_hal_rcc_ex.o
 .debug_abbrev  0x0000000000003e52      0x1f2 ./Drivers/STM32L4xx_HAL_Driver/Src/stm32l4xx_hal_rtc.o
 .debug_abbrev  0x0000000000004044      0x1fe ./Drivers/STM32L4xx_HAL_Driver/Src/stm32l4xx_hal_rtc_ex.o
 .debug_abbrev  0x0000000000004242      0x254 ./Drivers/STM32L4xx_HAL_Driver/Src/stm32l4xx_hal_spi.o
 .debug_abbrev  0x0000000000004496      0x15a ./FATFS/App/fatfs.o
 .debug_abbrev  0x00000000000045f0      0x13f ./FATFS/Target/user_diskio.o
 .debug_abbrev  0x000000000000472f      0x178 ./Middlewares/Third_Party/FatFs/src/diskio.o
 .debug_abbrev  0x00000000000048a7      0x271 ./Middlewares/Third_Party/FatFs/src/ff.o
 .debug_abbrev  0x0000000000004b18      0x196 ./Middlewares/Third_Party/FatFs/src/ff_gen_drv.o
 .debug_abbrev  0x0000000000004cae       0xdc ./Middlewares/Third_Party/FatFs/src/option/ccsbcs.o

.debug_aranges  0x0000000000000000     0x1768
 .debug_aranges
                0x0000000000000000       0x38 ./Core/Src/adc.o
 .debug_aranges
                0x0000000000000038       0x30 ./Core/Src/breakup.o
 .debug_aranges
                0x0000000000000068       0x88 ./Core/Src/configuration.o
 .debug_aranges
                0x00000000000000f0       0x70 ./Core/Src/counter.o
 .debug_aranges
                0x0000000000000160       0x30 ./Core/Src/det_cable.o
 .debug_aranges
                0x0000000000000190       0x20 ./Core/Src/dma.o
 .debug_aranges
                0x00000000000001b0       0x48 ./Core/Src/extinguisher.o
 .debug_aranges
                0x00000000000001f8       0xa8 ./Core/Src/fatfs_sd.o
 .debug_aranges
                0x00000000000002a0       0x40 ./Core/Src/fault.o
 .debug_aranges
                0x00000000000002e0       0x20 ./Core/Src/gpio.o
 .debug_aranges
                0x0000000000000300       0x20 ./Core/Src/led_operation.o
 .debug_aranges
                0x0000000000000320       0x40 ./Core/Src/main.o
 .debug_aranges
                0x0000000000000360       0x38 ./Core/Src/rtc.o
 .debug_aranges
                0x0000000000000398       0x38 ./Core/Src/sdcard.o
 .debug_aranges
                0x00000000000003d0       0x28 ./Core/Src/service.o
 .debug_aranges
                0x00000000000003f8       0x30 ./Core/Src/spi.o
 .debug_aranges
                0x0000000000000428       0x20 ./Core/Src/stm32l4xx_hal_msp.o
 .debug_aranges
                0x0000000000000448       0x80 ./Core/Src/stm32l4xx_it.o
 .debug_aranges
                0x00000000000004c8       0x28 ./Core/Src/system_stm32l4xx.o
 .debug_aranges
                0x00000000000004f0       0x28 ./Core/Startup/startup_stm32l452retx.o
 .debug_aranges
                0x0000000000000518      0x130 ./Drivers/STM32L4xx_HAL_Driver/Src/stm32l4xx_hal.o
 .debug_aranges
                0x0000000000000648      0x218 ./Drivers/STM32L4xx_HAL_Driver/Src/stm32l4xx_hal_adc.o
 .debug_aranges
                0x0000000000000860      0x178 ./Drivers/STM32L4xx_HAL_Driver/Src/stm32l4xx_hal_adc_ex.o
 .debug_aranges
                0x00000000000009d8      0x118 ./Drivers/STM32L4xx_HAL_Driver/Src/stm32l4xx_hal_cortex.o
 .debug_aranges
                0x0000000000000af0       0x80 ./Drivers/STM32L4xx_HAL_Driver/Src/stm32l4xx_hal_dma.o
 .debug_aranges
                0x0000000000000b70       0x88 ./Drivers/STM32L4xx_HAL_Driver/Src/stm32l4xx_hal_flash.o
 .debug_aranges
                0x0000000000000bf8       0x90 ./Drivers/STM32L4xx_HAL_Driver/Src/stm32l4xx_hal_flash_ex.o
 .debug_aranges
                0x0000000000000c88       0x58 ./Drivers/STM32L4xx_HAL_Driver/Src/stm32l4xx_hal_gpio.o
 .debug_aranges
                0x0000000000000ce0       0x98 ./Drivers/STM32L4xx_HAL_Driver/Src/stm32l4xx_hal_pwr.o
 .debug_aranges
                0x0000000000000d78      0x128 ./Drivers/STM32L4xx_HAL_Driver/Src/stm32l4xx_hal_pwr_ex.o
 .debug_aranges
                0x0000000000000ea0       0x90 ./Drivers/STM32L4xx_HAL_Driver/Src/stm32l4xx_hal_rcc.o
 .debug_aranges
                0x0000000000000f30       0xf0 ./Drivers/STM32L4xx_HAL_Driver/Src/stm32l4xx_hal_rcc_ex.o
 .debug_aranges
                0x0000000000001020       0xe8 ./Drivers/STM32L4xx_HAL_Driver/Src/stm32l4xx_hal_rtc.o
 .debug_aranges
                0x0000000000001108      0x140 ./Drivers/STM32L4xx_HAL_Driver/Src/stm32l4xx_hal_rtc_ex.o
 .debug_aranges
                0x0000000000001248      0x1d8 ./Drivers/STM32L4xx_HAL_Driver/Src/stm32l4xx_hal_spi.o
 .debug_aranges
                0x0000000000001420       0x28 ./FATFS/App/fatfs.o
 .debug_aranges
                0x0000000000001448       0x40 ./FATFS/Target/user_diskio.o
 .debug_aranges
                0x0000000000001488       0x48 ./Middlewares/Third_Party/FatFs/src/diskio.o
 .debug_aranges
                0x00000000000014d0      0x230 ./Middlewares/Third_Party/FatFs/src/ff.o
 .debug_aranges
                0x0000000000001700       0x40 ./Middlewares/Third_Party/FatFs/src/ff_gen_drv.o
 .debug_aranges
                0x0000000000001740       0x28 ./Middlewares/Third_Party/FatFs/src/option/ccsbcs.o

.debug_ranges   0x0000000000000000     0x14e0
 .debug_ranges  0x0000000000000000       0x28 ./Core/Src/adc.o
 .debug_ranges  0x0000000000000028       0x20 ./Core/Src/breakup.o
 .debug_ranges  0x0000000000000048       0x78 ./Core/Src/configuration.o
 .debug_ranges  0x00000000000000c0       0x60 ./Core/Src/counter.o
 .debug_ranges  0x0000000000000120       0x20 ./Core/Src/det_cable.o
 .debug_ranges  0x0000000000000140       0x10 ./Core/Src/dma.o
 .debug_ranges  0x0000000000000150       0x38 ./Core/Src/extinguisher.o
 .debug_ranges  0x0000000000000188       0x98 ./Core/Src/fatfs_sd.o
 .debug_ranges  0x0000000000000220       0x30 ./Core/Src/fault.o
 .debug_ranges  0x0000000000000250       0x10 ./Core/Src/gpio.o
 .debug_ranges  0x0000000000000260       0x10 ./Core/Src/led_operation.o
 .debug_ranges  0x0000000000000270       0x30 ./Core/Src/main.o
 .debug_ranges  0x00000000000002a0       0x28 ./Core/Src/rtc.o
 .debug_ranges  0x00000000000002c8       0x28 ./Core/Src/sdcard.o
 .debug_ranges  0x00000000000002f0       0x18 ./Core/Src/service.o
 .debug_ranges  0x0000000000000308       0x20 ./Core/Src/spi.o
 .debug_ranges  0x0000000000000328       0x10 ./Core/Src/stm32l4xx_hal_msp.o
 .debug_ranges  0x0000000000000338       0x70 ./Core/Src/stm32l4xx_it.o
 .debug_ranges  0x00000000000003a8       0x18 ./Core/Src/system_stm32l4xx.o
 .debug_ranges  0x00000000000003c0       0x20 ./Core/Startup/startup_stm32l452retx.o
 .debug_ranges  0x00000000000003e0      0x120 ./Drivers/STM32L4xx_HAL_Driver/Src/stm32l4xx_hal.o
 .debug_ranges  0x0000000000000500      0x208 ./Drivers/STM32L4xx_HAL_Driver/Src/stm32l4xx_hal_adc.o
 .debug_ranges  0x0000000000000708      0x168 ./Drivers/STM32L4xx_HAL_Driver/Src/stm32l4xx_hal_adc_ex.o
 .debug_ranges  0x0000000000000870      0x108 ./Drivers/STM32L4xx_HAL_Driver/Src/stm32l4xx_hal_cortex.o
 .debug_ranges  0x0000000000000978       0x70 ./Drivers/STM32L4xx_HAL_Driver/Src/stm32l4xx_hal_dma.o
 .debug_ranges  0x00000000000009e8       0x78 ./Drivers/STM32L4xx_HAL_Driver/Src/stm32l4xx_hal_flash.o
 .debug_ranges  0x0000000000000a60       0x80 ./Drivers/STM32L4xx_HAL_Driver/Src/stm32l4xx_hal_flash_ex.o
 .debug_ranges  0x0000000000000ae0       0x48 ./Drivers/STM32L4xx_HAL_Driver/Src/stm32l4xx_hal_gpio.o
 .debug_ranges  0x0000000000000b28       0x88 ./Drivers/STM32L4xx_HAL_Driver/Src/stm32l4xx_hal_pwr.o
 .debug_ranges  0x0000000000000bb0      0x118 ./Drivers/STM32L4xx_HAL_Driver/Src/stm32l4xx_hal_pwr_ex.o
 .debug_ranges  0x0000000000000cc8       0x80 ./Drivers/STM32L4xx_HAL_Driver/Src/stm32l4xx_hal_rcc.o
 .debug_ranges  0x0000000000000d48       0xe0 ./Drivers/STM32L4xx_HAL_Driver/Src/stm32l4xx_hal_rcc_ex.o
 .debug_ranges  0x0000000000000e28       0xd8 ./Drivers/STM32L4xx_HAL_Driver/Src/stm32l4xx_hal_rtc.o
 .debug_ranges  0x0000000000000f00      0x130 ./Drivers/STM32L4xx_HAL_Driver/Src/stm32l4xx_hal_rtc_ex.o
 .debug_ranges  0x0000000000001030      0x1c8 ./Drivers/STM32L4xx_HAL_Driver/Src/stm32l4xx_hal_spi.o
 .debug_ranges  0x00000000000011f8       0x18 ./FATFS/App/fatfs.o
 .debug_ranges  0x0000000000001210       0x30 ./FATFS/Target/user_diskio.o
 .debug_ranges  0x0000000000001240       0x38 ./Middlewares/Third_Party/FatFs/src/diskio.o
 .debug_ranges  0x0000000000001278      0x220 ./Middlewares/Third_Party/FatFs/src/ff.o
 .debug_ranges  0x0000000000001498       0x30 ./Middlewares/Third_Party/FatFs/src/ff_gen_drv.o
 .debug_ranges  0x00000000000014c8       0x18 ./Middlewares/Third_Party/FatFs/src/option/ccsbcs.o

.debug_macro    0x0000000000000000    0x29449
 .debug_macro   0x0000000000000000      0x202 ./Core/Src/adc.o
 .debug_macro   0x0000000000000202      0xa78 ./Core/Src/adc.o
 .debug_macro   0x0000000000000c7a      0x1ad ./Core/Src/adc.o
 .debug_macro   0x0000000000000e27       0x2e ./Core/Src/adc.o
 .debug_macro   0x0000000000000e55       0x28 ./Core/Src/adc.o
 .debug_macro   0x0000000000000e7d       0x22 ./Core/Src/adc.o
 .debug_macro   0x0000000000000e9f       0x8e ./Core/Src/adc.o
 .debug_macro   0x0000000000000f2d       0x51 ./Core/Src/adc.o
 .debug_macro   0x0000000000000f7e      0x103 ./Core/Src/adc.o
 .debug_macro   0x0000000000001081       0x6a ./Core/Src/adc.o
 .debug_macro   0x00000000000010eb      0x1df ./Core/Src/adc.o
 .debug_macro   0x00000000000012ca       0x1c ./Core/Src/adc.o
 .debug_macro   0x00000000000012e6       0x22 ./Core/Src/adc.o
 .debug_macro   0x0000000000001308       0xfb ./Core/Src/adc.o
 .debug_macro   0x0000000000001403     0x1011 ./Core/Src/adc.o
 .debug_macro   0x0000000000002414      0x11f ./Core/Src/adc.o
 .debug_macro   0x0000000000002533    0x16336 ./Core/Src/adc.o
 .debug_macro   0x0000000000018869       0x6d ./Core/Src/adc.o
 .debug_macro   0x00000000000188d6     0x38e6 ./Core/Src/adc.o
 .debug_macro   0x000000000001c1bc      0x174 ./Core/Src/adc.o
 .debug_macro   0x000000000001c330       0x5c ./Core/Src/adc.o
 .debug_macro   0x000000000001c38c     0x13fa ./Core/Src/adc.o
 .debug_macro   0x000000000001d786      0x646 ./Core/Src/adc.o
 .debug_macro   0x000000000001ddcc      0x1b9 ./Core/Src/adc.o
 .debug_macro   0x000000000001df85      0x168 ./Core/Src/adc.o
 .debug_macro   0x000000000001e0ed      0x26b ./Core/Src/adc.o
 .debug_macro   0x000000000001e358      0x23d ./Core/Src/adc.o
 .debug_macro   0x000000000001e595      0xdfb ./Core/Src/adc.o
 .debug_macro   0x000000000001f390      0x624 ./Core/Src/adc.o
 .debug_macro   0x000000000001f9b4      0x24f ./Core/Src/adc.o
 .debug_macro   0x000000000001fc03      0x241 ./Core/Src/adc.o
 .debug_macro   0x000000000001fe44      0x375 ./Core/Src/adc.o
 .debug_macro   0x00000000000201b9       0xd6 ./Core/Src/adc.o
 .debug_macro   0x000000000002028f      0x122 ./Core/Src/adc.o
 .debug_macro   0x00000000000203b1      0x364 ./Core/Src/adc.o
 .debug_macro   0x0000000000020715      0x31a ./Core/Src/adc.o
 .debug_macro   0x0000000000020a2f      0x4fb ./Core/Src/adc.o
 .debug_macro   0x0000000000020f2a       0xe4 ./Core/Src/adc.o
 .debug_macro   0x000000000002100e      0x2fe ./Core/Src/adc.o
 .debug_macro   0x000000000002130c      0x2eb ./Core/Src/adc.o
 .debug_macro   0x00000000000215f7       0xf4 ./Core/Src/adc.o
 .debug_macro   0x00000000000216eb      0x3a6 ./Core/Src/breakup.o
 .debug_macro   0x0000000000021a91       0x22 ./Core/Src/breakup.o
 .debug_macro   0x0000000000021ab3       0x16 ./Core/Src/breakup.o
 .debug_macro   0x0000000000021ac9       0x52 ./Core/Src/breakup.o
 .debug_macro   0x0000000000021b1b       0x1e ./Core/Src/breakup.o
 .debug_macro   0x0000000000021b39       0x3c ./Core/Src/breakup.o
 .debug_macro   0x0000000000021b75       0x34 ./Core/Src/breakup.o
 .debug_macro   0x0000000000021ba9       0x16 ./Core/Src/breakup.o
 .debug_macro   0x0000000000021bbf       0x35 ./Core/Src/breakup.o
 .debug_macro   0x0000000000021bf4      0x341 ./Core/Src/breakup.o
 .debug_macro   0x0000000000021f35       0x10 ./Core/Src/breakup.o
 .debug_macro   0x0000000000021f45       0x16 ./Core/Src/breakup.o
 .debug_macro   0x0000000000021f5b       0x43 ./Core/Src/breakup.o
 .debug_macro   0x0000000000021f9e       0x34 ./Core/Src/breakup.o
 .debug_macro   0x0000000000021fd2       0x10 ./Core/Src/breakup.o
 .debug_macro   0x0000000000021fe2       0x58 ./Core/Src/breakup.o
 .debug_macro   0x000000000002203a       0x71 ./Core/Src/breakup.o
 .debug_macro   0x00000000000220ab       0x1c ./Core/Src/breakup.o
 .debug_macro   0x00000000000220c7      0x12a ./Core/Src/breakup.o
 .debug_macro   0x00000000000221f1       0x10 ./Core/Src/breakup.o
 .debug_macro   0x0000000000022201       0x1c ./Core/Src/breakup.o
 .debug_macro   0x000000000002221d       0x52 ./Core/Src/breakup.o
 .debug_macro   0x000000000002226f       0x22 ./Core/Src/breakup.o
 .debug_macro   0x0000000000022291       0x10 ./Core/Src/breakup.o
 .debug_macro   0x00000000000222a1       0x52 ./Core/Src/breakup.o
 .debug_macro   0x00000000000222f3       0xd5 ./Core/Src/breakup.o
 .debug_macro   0x00000000000223c8       0x1c ./Core/Src/breakup.o
 .debug_macro   0x00000000000223e4       0x3d ./Core/Src/breakup.o
 .debug_macro   0x0000000000022421       0x16 ./Core/Src/breakup.o
 .debug_macro   0x0000000000022437      0x145 ./Core/Src/breakup.o
 .debug_macro   0x000000000002257c       0xe2 ./Core/Src/breakup.o
 .debug_macro   0x000000000002265e       0xb2 ./Core/Src/breakup.o
 .debug_macro   0x0000000000022710       0x22 ./Core/Src/breakup.o
 .debug_macro   0x0000000000022732      0x3b0 ./Core/Src/configuration.o
 .debug_macro   0x0000000000022ae2       0x4c ./Core/Src/configuration.o
 .debug_macro   0x0000000000022b2e       0x94 ./Core/Src/configuration.o
 .debug_macro   0x0000000000022bc2       0x57 ./Core/Src/configuration.o
 .debug_macro   0x0000000000022c19       0x97 ./Core/Src/configuration.o
 .debug_macro   0x0000000000022cb0       0xfd ./Core/Src/configuration.o
 .debug_macro   0x0000000000022dad       0x56 ./Core/Src/configuration.o
 .debug_macro   0x0000000000022e03       0x28 ./Core/Src/configuration.o
 .debug_macro   0x0000000000022e2b      0x1b1 ./Core/Src/counter.o
 .debug_macro   0x0000000000022fdc      0x376 ./Core/Src/det_cable.o
 .debug_macro   0x0000000000023352      0x202 ./Core/Src/dma.o
 .debug_macro   0x0000000000023554      0x3a9 ./Core/Src/extinguisher.o
 .debug_macro   0x00000000000238fd      0x21c ./Core/Src/fatfs_sd.o
 .debug_macro   0x0000000000023b19       0x16 ./Core/Src/fatfs_sd.o
 .debug_macro   0x0000000000023b2f       0x7c ./Core/Src/fatfs_sd.o
 .debug_macro   0x0000000000023bab       0x9a ./Core/Src/fatfs_sd.o
 .debug_macro   0x0000000000023c45      0x3a5 ./Core/Src/fault.o
 .debug_macro   0x0000000000023fea      0x202 ./Core/Src/gpio.o
 .debug_macro   0x00000000000241ec      0x20b ./Core/Src/led_operation.o
 .debug_macro   0x00000000000243f7      0x464 ./Core/Src/main.o
 .debug_macro   0x000000000002485b       0xeb ./Core/Src/main.o
 .debug_macro   0x0000000000024946       0x16 ./Core/Src/main.o
 .debug_macro   0x000000000002495c       0x16 ./Core/Src/main.o